[2024-08-08T20:59:33.622+1000][gc,init] CardTable entry size: 512
[2024-08-08T20:59:33.623+1000][gc     ] Using G1
[2024-08-08T20:59:33.629+1000][gc,init] Version: 22+36-2370 (release)
[2024-08-08T20:59:33.629+1000][gc,init] CPUs: 4 total, 4 available
[2024-08-08T20:59:33.629+1000][gc,init] Memory: 12288M
[2024-08-08T20:59:33.629+1000][gc,init] Large Page Support: Disabled
[2024-08-08T20:59:33.629+1000][gc,init] NUMA Support: Disabled
[2024-08-08T20:59:33.629+1000][gc,init] Compressed Oops: Enabled (Zero based)
[2024-08-08T20:59:33.629+1000][gc,init] Heap Region Size: 1M
[2024-08-08T20:59:33.629+1000][gc,init] Heap Min Capacity: 1G
[2024-08-08T20:59:33.629+1000][gc,init] Heap Initial Capacity: 1G
[2024-08-08T20:59:33.629+1000][gc,init] Heap Max Capacity: 1G
[2024-08-08T20:59:33.629+1000][gc,init] Pre-touch: Disabled
[2024-08-08T20:59:33.629+1000][gc,init] Parallel Workers: 4
[2024-08-08T20:59:33.629+1000][gc,init] Concurrent Workers: 1
[2024-08-08T20:59:33.629+1000][gc,init] Concurrent Refinement Workers: 4
[2024-08-08T20:59:33.629+1000][gc,init] Periodic GC: Disabled
[2024-08-08T20:59:33.637+1000][gc,metaspace] CDS archive(s) mapped at: [0x0000000128000000-0x0000000128c70000-0x0000000128c70000), size 13041664, SharedBaseAddress: 0x0000000128000000, ArchiveRelocationMode: 1.
[2024-08-08T20:59:33.638+1000][gc,metaspace] Compressed class space mapped at: 0x0000000129000000-0x0000000169000000, reserved size: 1073741824
[2024-08-08T20:59:33.638+1000][gc,metaspace] Narrow klass base: 0x0000000128000000, Narrow klass shift: 0, Narrow klass range: 0x100000000
[2024-08-08T20:59:35.832+1000][gc,start    ] GC(0) Pause Young (Normal) (G1 Evacuation Pause)
[2024-08-08T20:59:35.833+1000][gc,task     ] GC(0) Using 4 workers of 4 for evacuation
[2024-08-08T20:59:35.839+1000][gc,phases   ] GC(0)   Pre Evacuate Collection Set: 0.15ms
[2024-08-08T20:59:35.839+1000][gc,phases   ] GC(0)   Merge Heap Roots: 0.06ms
[2024-08-08T20:59:35.839+1000][gc,phases   ] GC(0)   Evacuate Collection Set: 5.43ms
[2024-08-08T20:59:35.839+1000][gc,phases   ] GC(0)   Post Evacuate Collection Set: 0.89ms
[2024-08-08T20:59:35.840+1000][gc,phases   ] GC(0)   Other: 0.38ms
[2024-08-08T20:59:35.840+1000][gc,heap     ] GC(0) Eden regions: 51->0(44)
[2024-08-08T20:59:35.840+1000][gc,heap     ] GC(0) Survivor regions: 0->7(7)
[2024-08-08T20:59:35.840+1000][gc,heap     ] GC(0) Old regions: 2->3
[2024-08-08T20:59:35.840+1000][gc,heap     ] GC(0) Humongous regions: 0->0
[2024-08-08T20:59:35.840+1000][gc,metaspace] GC(0) Metaspace: 18585K(18752K)->18585K(18752K) NonClass: 16332K(16448K)->16332K(16448K) Class: 2252K(2304K)->2252K(2304K)
[2024-08-08T20:59:35.840+1000][gc          ] GC(0) Pause Young (Normal) (G1 Evacuation Pause) 52M->8M(1024M) 7.488ms
[2024-08-08T20:59:35.840+1000][gc,cpu      ] GC(0) User=0.02s Sys=0.01s Real=0.01s
[2024-08-08T20:59:36.350+1000][gc,start    ] GC(1) Pause Young (Concurrent Start) (Metadata GC Threshold)
[2024-08-08T20:59:36.350+1000][gc,task     ] GC(1) Using 4 workers of 4 for evacuation
[2024-08-08T20:59:36.356+1000][gc,phases   ] GC(1)   Pre Evacuate Collection Set: 0.29ms
[2024-08-08T20:59:36.356+1000][gc,phases   ] GC(1)   Merge Heap Roots: 0.03ms
[2024-08-08T20:59:36.356+1000][gc,phases   ] GC(1)   Evacuate Collection Set: 5.72ms
[2024-08-08T20:59:36.356+1000][gc,phases   ] GC(1)   Post Evacuate Collection Set: 0.51ms
[2024-08-08T20:59:36.356+1000][gc,phases   ] GC(1)   Other: 0.11ms
[2024-08-08T20:59:36.356+1000][gc,heap     ] GC(1) Eden regions: 12->0(49)
[2024-08-08T20:59:36.356+1000][gc,heap     ] GC(1) Survivor regions: 7->2(7)
[2024-08-08T20:59:36.356+1000][gc,heap     ] GC(1) Old regions: 3->10
[2024-08-08T20:59:36.356+1000][gc,heap     ] GC(1) Humongous regions: 0->0
[2024-08-08T20:59:36.356+1000][gc,metaspace] GC(1) Metaspace: 21294K(21504K)->21294K(21504K) NonClass: 18643K(18752K)->18643K(18752K) Class: 2650K(2752K)->2650K(2752K)
[2024-08-08T20:59:36.356+1000][gc          ] GC(1) Pause Young (Concurrent Start) (Metadata GC Threshold) 20M->10M(1024M) 6.977ms
[2024-08-08T20:59:36.357+1000][gc,cpu      ] GC(1) User=0.02s Sys=0.01s Real=0.00s
[2024-08-08T20:59:36.357+1000][gc          ] GC(2) Concurrent Mark Cycle
[2024-08-08T20:59:36.357+1000][gc,marking  ] GC(2) Concurrent Scan Root Regions
[2024-08-08T20:59:36.361+1000][gc,marking  ] GC(2) Concurrent Scan Root Regions 4.747ms
[2024-08-08T20:59:36.361+1000][gc,marking  ] GC(2) Concurrent Mark
[2024-08-08T20:59:36.361+1000][gc,marking  ] GC(2) Concurrent Mark From Roots
[2024-08-08T20:59:36.361+1000][gc,task     ] GC(2) Using 1 workers of 1 for marking
[2024-08-08T20:59:36.364+1000][gc,marking  ] GC(2) Concurrent Mark From Roots 2.270ms
[2024-08-08T20:59:36.364+1000][gc,marking  ] GC(2) Concurrent Preclean
[2024-08-08T20:59:36.364+1000][gc,marking  ] GC(2) Concurrent Preclean 0.033ms
[2024-08-08T20:59:36.371+1000][gc,start    ] GC(2) Pause Remark
[2024-08-08T20:59:36.374+1000][gc          ] GC(2) Pause Remark 11M->11M(1024M) 3.581ms
[2024-08-08T20:59:36.374+1000][gc,cpu      ] GC(2) User=0.00s Sys=0.00s Real=0.00s
[2024-08-08T20:59:36.374+1000][gc,marking  ] GC(2) Concurrent Mark 12.934ms
[2024-08-08T20:59:36.374+1000][gc,marking  ] GC(2) Concurrent Rebuild Remembered Sets and Scrub Regions
[2024-08-08T20:59:36.379+1000][gc,marking  ] GC(2) Concurrent Rebuild Remembered Sets and Scrub Regions 4.613ms
[2024-08-08T20:59:36.383+1000][gc,start    ] GC(2) Pause Cleanup
[2024-08-08T20:59:36.383+1000][gc          ] GC(2) Pause Cleanup 11M->11M(1024M) 0.269ms
[2024-08-08T20:59:36.383+1000][gc,cpu      ] GC(2) User=0.00s Sys=0.00s Real=0.00s
[2024-08-08T20:59:36.383+1000][gc,marking  ] GC(2) Concurrent Clear Claimed Marks
[2024-08-08T20:59:36.383+1000][gc,marking  ] GC(2) Concurrent Clear Claimed Marks 0.162ms
[2024-08-08T20:59:36.384+1000][gc,marking  ] GC(2) Concurrent Cleanup for Next Mark
[2024-08-08T20:59:36.392+1000][gc,marking  ] GC(2) Concurrent Cleanup for Next Mark 8.470ms
[2024-08-08T20:59:36.392+1000][gc          ] GC(2) Concurrent Mark Cycle 35.741ms
[2024-08-08T20:59:43.382+1000][gc,start    ] GC(3) Pause Young (Prepare Mixed) (G1 Evacuation Pause)
[2024-08-08T20:59:43.565+1000][gc,task     ] GC(3) Using 4 workers of 4 for evacuation
[2024-08-08T20:59:43.571+1000][gc,phases   ] GC(3)   Pre Evacuate Collection Set: 0.17ms
[2024-08-08T20:59:43.571+1000][gc,phases   ] GC(3)   Merge Heap Roots: 0.04ms
[2024-08-08T20:59:43.571+1000][gc,phases   ] GC(3)   Evacuate Collection Set: 4.82ms
[2024-08-08T20:59:43.571+1000][gc,phases   ] GC(3)   Post Evacuate Collection Set: 0.71ms
[2024-08-08T20:59:43.571+1000][gc,phases   ] GC(3)   Other: 0.12ms
[2024-08-08T20:59:43.571+1000][gc,heap     ] GC(3) Eden regions: 49->0(46)
[2024-08-08T20:59:43.571+1000][gc,heap     ] GC(3) Survivor regions: 2->5(7)
[2024-08-08T20:59:43.571+1000][gc,heap     ] GC(3) Old regions: 10->10
[2024-08-08T20:59:43.571+1000][gc,heap     ] GC(3) Humongous regions: 9->9
[2024-08-08T20:59:43.571+1000][gc,metaspace] GC(3) Metaspace: 31884K(32128K)->31884K(32128K) NonClass: 28017K(28160K)->28017K(28160K) Class: 3867K(3968K)->3867K(3968K)
[2024-08-08T20:59:43.571+1000][gc          ] GC(3) Pause Young (Prepare Mixed) (G1 Evacuation Pause) 68M->22M(1024M) 189.340ms
[2024-08-08T20:59:43.571+1000][gc,cpu      ] GC(3) User=0.02s Sys=0.00s Real=0.19s
[2024-08-08T21:01:46.665+1000][gc,start    ] GC(4) Pause Young (Mixed) (Metadata GC Threshold)
[2024-08-08T21:01:46.683+1000][gc,task     ] GC(4) Using 4 workers of 4 for evacuation
[2024-08-08T21:01:46.689+1000][gc,phases   ] GC(4)   Pre Evacuate Collection Set: 0.23ms
[2024-08-08T21:01:46.689+1000][gc,phases   ] GC(4)   Merge Heap Roots: 0.07ms
[2024-08-08T21:01:46.689+1000][gc,phases   ] GC(4)   Evacuate Collection Set: 4.79ms
[2024-08-08T21:01:46.689+1000][gc,phases   ] GC(4)   Post Evacuate Collection Set: 0.60ms
[2024-08-08T21:01:46.689+1000][gc,phases   ] GC(4)   Other: 0.14ms
[2024-08-08T21:01:46.689+1000][gc,heap     ] GC(4) Eden regions: 25->0(45)
[2024-08-08T21:01:46.689+1000][gc,heap     ] GC(4) Survivor regions: 5->6(7)
[2024-08-08T21:01:46.689+1000][gc,heap     ] GC(4) Old regions: 10->10
[2024-08-08T21:01:46.689+1000][gc,heap     ] GC(4) Humongous regions: 138->138
[2024-08-08T21:01:46.689+1000][gc,metaspace] GC(4) Metaspace: 35765K(36096K)->35765K(36096K) NonClass: 31448K(31616K)->31448K(31616K) Class: 4316K(4480K)->4316K(4480K)
[2024-08-08T21:01:46.689+1000][gc          ] GC(4) Pause Young (Mixed) (Metadata GC Threshold) 175M->153M(1024M) 24.414ms
[2024-08-08T21:01:46.689+1000][gc,cpu      ] GC(4) User=0.01s Sys=0.00s Real=0.02s
[2024-08-08T21:03:55.677+1000][gc,start    ] GC(5) Pause Young (Concurrent Start) (Metadata GC Threshold)
[2024-08-08T21:03:55.677+1000][gc,task     ] GC(5) Using 4 workers of 4 for evacuation
[2024-08-08T21:03:55.681+1000][gc,phases   ] GC(5)   Pre Evacuate Collection Set: 0.21ms
[2024-08-08T21:03:55.681+1000][gc,phases   ] GC(5)   Merge Heap Roots: 0.03ms
[2024-08-08T21:03:55.681+1000][gc,phases   ] GC(5)   Evacuate Collection Set: 3.43ms
[2024-08-08T21:03:55.681+1000][gc,phases   ] GC(5)   Post Evacuate Collection Set: 0.35ms
[2024-08-08T21:03:55.681+1000][gc,phases   ] GC(5)   Other: 0.11ms
[2024-08-08T21:03:55.681+1000][gc,heap     ] GC(5) Eden regions: 10->0(49)
[2024-08-08T21:03:55.681+1000][gc,heap     ] GC(5) Survivor regions: 6->2(7)
[2024-08-08T21:03:55.681+1000][gc,heap     ] GC(5) Old regions: 10->14
[2024-08-08T21:03:55.681+1000][gc,heap     ] GC(5) Humongous regions: 138->138
[2024-08-08T21:03:55.681+1000][gc,metaspace] GC(5) Metaspace: 36069K(36416K)->36069K(36416K) NonClass: 31752K(31936K)->31752K(31936K) Class: 4316K(4480K)->4316K(4480K)
[2024-08-08T21:03:55.681+1000][gc          ] GC(5) Pause Young (Concurrent Start) (Metadata GC Threshold) 163M->153M(1024M) 4.425ms
[2024-08-08T21:03:55.681+1000][gc,cpu      ] GC(5) User=0.01s Sys=0.00s Real=0.01s
[2024-08-08T21:03:55.681+1000][gc          ] GC(6) Concurrent Mark Cycle
[2024-08-08T21:03:55.681+1000][gc,marking  ] GC(6) Concurrent Scan Root Regions
[2024-08-08T21:03:55.685+1000][gc,marking  ] GC(6) Concurrent Scan Root Regions 4.157ms
[2024-08-08T21:03:55.685+1000][gc,marking  ] GC(6) Concurrent Mark
[2024-08-08T21:03:55.685+1000][gc,marking  ] GC(6) Concurrent Mark From Roots
[2024-08-08T21:03:55.685+1000][gc,task     ] GC(6) Using 1 workers of 1 for marking
[2024-08-08T21:03:55.699+1000][gc,marking  ] GC(6) Concurrent Mark From Roots 13.601ms
[2024-08-08T21:03:55.699+1000][gc,marking  ] GC(6) Concurrent Preclean
[2024-08-08T21:03:55.699+1000][gc,marking  ] GC(6) Concurrent Preclean 0.078ms
[2024-08-08T21:03:55.699+1000][gc,start    ] GC(6) Pause Remark
[2024-08-08T21:03:55.702+1000][gc          ] GC(6) Pause Remark 153M->153M(1024M) 2.688ms
[2024-08-08T21:03:55.702+1000][gc,cpu      ] GC(6) User=0.00s Sys=0.00s Real=0.01s
[2024-08-08T21:03:55.702+1000][gc,marking  ] GC(6) Concurrent Mark 16.673ms
[2024-08-08T21:03:55.702+1000][gc,marking  ] GC(6) Concurrent Rebuild Remembered Sets and Scrub Regions
[2024-08-08T21:03:55.710+1000][gc,marking  ] GC(6) Concurrent Rebuild Remembered Sets and Scrub Regions 7.930ms
[2024-08-08T21:03:55.710+1000][gc,start    ] GC(6) Pause Cleanup
[2024-08-08T21:03:55.710+1000][gc          ] GC(6) Pause Cleanup 153M->153M(1024M) 0.107ms
[2024-08-08T21:03:55.710+1000][gc,cpu      ] GC(6) User=0.00s Sys=0.00s Real=0.00s
[2024-08-08T21:03:55.710+1000][gc,marking  ] GC(6) Concurrent Clear Claimed Marks
[2024-08-08T21:03:55.710+1000][gc,marking  ] GC(6) Concurrent Clear Claimed Marks 0.036ms
[2024-08-08T21:03:55.710+1000][gc,marking  ] GC(6) Concurrent Cleanup for Next Mark
[2024-08-08T21:03:55.713+1000][gc,marking  ] GC(6) Concurrent Cleanup for Next Mark 3.040ms
[2024-08-08T21:03:55.714+1000][gc          ] GC(6) Concurrent Mark Cycle 32.411ms
[2024-08-08T21:13:45.868+1000][gc,start    ] GC(7) Pause Young (Prepare Mixed) (G1 Evacuation Pause)
[2024-08-08T21:13:46.051+1000][gc,task     ] GC(7) Using 4 workers of 4 for evacuation
[2024-08-08T21:13:46.152+1000][gc,phases   ] GC(7)   Pre Evacuate Collection Set: 0.19ms
[2024-08-08T21:13:46.152+1000][gc,phases   ] GC(7)   Merge Heap Roots: 0.04ms
[2024-08-08T21:13:46.152+1000][gc,phases   ] GC(7)   Evacuate Collection Set: 3.43ms
[2024-08-08T21:13:46.152+1000][gc,phases   ] GC(7)   Post Evacuate Collection Set: 0.51ms
[2024-08-08T21:13:46.152+1000][gc,phases   ] GC(7)   Other: 96.13ms
[2024-08-08T21:13:46.152+1000][gc,heap     ] GC(7) Eden regions: 49->0(46)
[2024-08-08T21:13:46.152+1000][gc,heap     ] GC(7) Survivor regions: 2->5(7)
[2024-08-08T21:13:46.152+1000][gc,heap     ] GC(7) Old regions: 14->14
[2024-08-08T21:13:46.152+1000][gc,heap     ] GC(7) Humongous regions: 138->138
[2024-08-08T21:13:46.152+1000][gc,metaspace] GC(7) Metaspace: 38702K(39168K)->38702K(39168K) NonClass: 33986K(34240K)->33986K(34240K) Class: 4716K(4928K)->4716K(4928K)
[2024-08-08T21:13:46.152+1000][gc          ] GC(7) Pause Young (Prepare Mixed) (G1 Evacuation Pause) 202M->155M(1024M) 283.609ms
[2024-08-08T21:13:46.152+1000][gc,cpu      ] GC(7) User=0.01s Sys=0.00s Real=0.29s
[2024-08-08T21:17:52.350+1000][gc,start    ] GC(8) Pause Young (Mixed) (G1 Evacuation Pause)
[2024-08-08T21:17:52.478+1000][gc,task     ] GC(8) Using 4 workers of 4 for evacuation
[2024-08-08T21:17:52.539+1000][gc,phases   ] GC(8)   Pre Evacuate Collection Set: 0.23ms
[2024-08-08T21:17:52.539+1000][gc,phases   ] GC(8)   Merge Heap Roots: 0.05ms
[2024-08-08T21:17:52.539+1000][gc,phases   ] GC(8)   Evacuate Collection Set: 5.17ms
[2024-08-08T21:17:52.539+1000][gc,phases   ] GC(8)   Post Evacuate Collection Set: 0.69ms
[2024-08-08T21:17:52.539+1000][gc,phases   ] GC(8)   Other: 54.24ms
[2024-08-08T21:17:52.539+1000][gc,heap     ] GC(8) Eden regions: 46->0(46)
[2024-08-08T21:17:52.539+1000][gc,heap     ] GC(8) Survivor regions: 5->5(7)
[2024-08-08T21:17:52.539+1000][gc,heap     ] GC(8) Old regions: 14->15
[2024-08-08T21:17:52.539+1000][gc,heap     ] GC(8) Humongous regions: 147->147
[2024-08-08T21:17:52.539+1000][gc,metaspace] GC(8) Metaspace: 41917K(42496K)->41917K(42496K) NonClass: 36751K(37056K)->36751K(37056K) Class: 5165K(5440K)->5165K(5440K)
[2024-08-08T21:17:52.539+1000][gc          ] GC(8) Pause Young (Mixed) (G1 Evacuation Pause) 210M->166M(1024M) 189.163ms
[2024-08-08T21:17:52.539+1000][gc,cpu      ] GC(8) User=0.02s Sys=0.00s Real=0.18s
[2024-08-08T21:24:40.659+1000][gc,start    ] GC(9) Pause Young (Normal) (G1 Evacuation Pause)
[2024-08-08T21:24:40.697+1000][gc,task     ] GC(9) Using 4 workers of 4 for evacuation
[2024-08-08T21:24:40.702+1000][gc,phases   ] GC(9)   Pre Evacuate Collection Set: 0.15ms
[2024-08-08T21:24:40.702+1000][gc,phases   ] GC(9)   Merge Heap Roots: 0.04ms
[2024-08-08T21:24:40.702+1000][gc,phases   ] GC(9)   Evacuate Collection Set: 4.18ms
[2024-08-08T21:24:40.702+1000][gc,phases   ] GC(9)   Post Evacuate Collection Set: 0.57ms
[2024-08-08T21:24:40.702+1000][gc,phases   ] GC(9)   Other: 0.15ms
[2024-08-08T21:24:40.702+1000][gc,heap     ] GC(9) Eden regions: 46->0(46)
[2024-08-08T21:24:40.702+1000][gc,heap     ] GC(9) Survivor regions: 5->5(7)
[2024-08-08T21:24:40.702+1000][gc,heap     ] GC(9) Old regions: 15->17
[2024-08-08T21:24:40.702+1000][gc,heap     ] GC(9) Humongous regions: 147->147
[2024-08-08T21:24:40.702+1000][gc,metaspace] GC(9) Metaspace: 42311K(42944K)->42311K(42944K) NonClass: 37082K(37440K)->37082K(37440K) Class: 5229K(5504K)->5229K(5504K)
[2024-08-08T21:24:40.702+1000][gc          ] GC(9) Pause Young (Normal) (G1 Evacuation Pause) 212M->167M(1024M) 42.683ms
[2024-08-08T21:24:40.702+1000][gc,cpu      ] GC(9) User=0.02s Sys=0.00s Real=0.05s
[2024-08-08T21:29:59.113+1000][gc,start    ] GC(10) Pause Young (Normal) (G1 Evacuation Pause)
[2024-08-08T21:29:59.223+1000][gc,task     ] GC(10) Using 4 workers of 4 for evacuation
[2024-08-08T21:29:59.228+1000][gc,phases   ] GC(10)   Pre Evacuate Collection Set: 0.19ms
[2024-08-08T21:29:59.228+1000][gc,phases   ] GC(10)   Merge Heap Roots: 0.08ms
[2024-08-08T21:29:59.228+1000][gc,phases   ] GC(10)   Evacuate Collection Set: 3.62ms
[2024-08-08T21:29:59.228+1000][gc,phases   ] GC(10)   Post Evacuate Collection Set: 0.34ms
[2024-08-08T21:29:59.228+1000][gc,phases   ] GC(10)   Other: 0.12ms
[2024-08-08T21:29:59.228+1000][gc,heap     ] GC(10) Eden regions: 46->0(47)
[2024-08-08T21:29:59.228+1000][gc,heap     ] GC(10) Survivor regions: 5->4(7)
[2024-08-08T21:29:59.228+1000][gc,heap     ] GC(10) Old regions: 17->18
[2024-08-08T21:29:59.228+1000][gc,heap     ] GC(10) Humongous regions: 147->147
[2024-08-08T21:29:59.228+1000][gc,metaspace] GC(10) Metaspace: 42426K(43008K)->42426K(43008K) NonClass: 37175K(37504K)->37175K(37504K) Class: 5251K(5504K)->5251K(5504K)
[2024-08-08T21:29:59.228+1000][gc          ] GC(10) Pause Young (Normal) (G1 Evacuation Pause) 213M->168M(1024M) 115.238ms
[2024-08-08T21:29:59.228+1000][gc,cpu      ] GC(10) User=0.01s Sys=0.00s Real=0.11s
[2024-08-08T21:35:22.449+1000][gc,heap,exit] Heap
[2024-08-08T21:35:22.462+1000][gc,heap,exit]  garbage-first heap   total reserved 1048576K, committed 1048576K, used 216697K [0x00000007c0000000, 0x0000000800000000)
[2024-08-08T21:35:22.462+1000][gc,heap,exit]   region size 1024K, 48 young (49152K), 4 survivors (4096K)
[2024-08-08T21:35:22.462+1000][gc,heap,exit]  Metaspace       used 42594K, committed 43200K, reserved 1114112K
[2024-08-08T21:35:22.462+1000][gc,heap,exit]   class space    used 5283K, committed 5568K, reserved 1048576K
