[2024-07-31T10:59:43.188+1000][gc,heap] Heap region size: 1M
[2024-07-31T10:59:43.196+1000][gc     ] Using G1
[2024-07-31T10:59:43.196+1000][gc,heap,coops] Heap address: 0x00000007c0000000, size: 1024 MB, Compressed Oops mode: Zero based, Oop shift amount: 3
[2024-07-31T10:59:45.004+1000][gc,start     ] GC(0) Pause Young (Concurrent Start) (Metadata GC Threshold)
[2024-07-31T10:59:45.004+1000][gc,task      ] GC(0) Using 4 workers of 4 for evacuation
[2024-07-31T10:59:45.028+1000][gc,mmu       ] GC(0) MMU target violated: 21.0ms (20.0ms/21.0ms)
[2024-07-31T10:59:45.028+1000][gc,phases    ] GC(0)   Pre Evacuate Collection Set: 0.0ms
[2024-07-31T10:59:45.028+1000][gc,phases    ] GC(0)   Evacuate Collection Set: 6.7ms
[2024-07-31T10:59:45.028+1000][gc,phases    ] GC(0)   Post Evacuate Collection Set: 0.5ms
[2024-07-31T10:59:45.028+1000][gc,phases    ] GC(0)   Other: 17.2ms
[2024-07-31T10:59:45.028+1000][gc,heap      ] GC(0) Eden regions: 44->0(44)
[2024-07-31T10:59:45.028+1000][gc,heap      ] GC(0) Survivor regions: 0->7(7)
[2024-07-31T10:59:45.028+1000][gc,heap      ] GC(0) Old regions: 0->0
[2024-07-31T10:59:45.028+1000][gc,heap      ] GC(0) Humongous regions: 0->0
[2024-07-31T10:59:45.028+1000][gc,metaspace ] GC(0) Metaspace: 20555K->20555K(1069056K)
[2024-07-31T10:59:45.028+1000][gc           ] GC(0) Pause Young (Concurrent Start) (Metadata GC Threshold) 43M->6M(1024M) 24.548ms
[2024-07-31T10:59:45.028+1000][gc,cpu       ] GC(0) User=0.01s Sys=0.00s Real=0.02s
[2024-07-31T10:59:45.028+1000][gc           ] GC(1) Concurrent Cycle
[2024-07-31T10:59:45.028+1000][gc,marking   ] GC(1) Concurrent Clear Claimed Marks
[2024-07-31T10:59:45.028+1000][gc,marking   ] GC(1) Concurrent Clear Claimed Marks 0.026ms
[2024-07-31T10:59:45.028+1000][gc,marking   ] GC(1) Concurrent Scan Root Regions
[2024-07-31T10:59:45.033+1000][gc,marking   ] GC(1) Concurrent Scan Root Regions 4.959ms
[2024-07-31T10:59:45.033+1000][gc,marking   ] GC(1) Concurrent Mark (1.851s)
[2024-07-31T10:59:45.033+1000][gc,marking   ] GC(1) Concurrent Mark From Roots
[2024-07-31T10:59:45.033+1000][gc,task      ] GC(1) Using 1 workers of 1 for marking
[2024-07-31T10:59:45.033+1000][gc,marking   ] GC(1) Concurrent Mark From Roots 0.149ms
[2024-07-31T10:59:45.033+1000][gc,marking   ] GC(1) Concurrent Preclean
[2024-07-31T10:59:45.034+1000][gc,marking   ] GC(1) Concurrent Preclean 0.048ms
[2024-07-31T10:59:45.034+1000][gc,marking   ] GC(1) Concurrent Mark (1.851s, 1.851s) 0.237ms
[2024-07-31T10:59:45.034+1000][gc,start     ] GC(1) Pause Remark
[2024-07-31T10:59:45.035+1000][gc,stringtable] GC(1) Cleaned string and symbol table, strings: 7338 processed, 0 removed, symbols: 64354 processed, 41 removed
[2024-07-31T10:59:45.036+1000][gc            ] GC(1) Pause Remark 7M->7M(1024M) 2.029ms
[2024-07-31T10:59:45.036+1000][gc,cpu        ] GC(1) User=0.00s Sys=0.00s Real=0.00s
[2024-07-31T10:59:45.036+1000][gc,marking    ] GC(1) Concurrent Rebuild Remembered Sets
[2024-07-31T10:59:45.036+1000][gc,marking    ] GC(1) Concurrent Rebuild Remembered Sets 0.222ms
[2024-07-31T10:59:45.036+1000][gc,start      ] GC(1) Pause Cleanup
[2024-07-31T10:59:45.036+1000][gc            ] GC(1) Pause Cleanup 7M->7M(1024M) 0.152ms
[2024-07-31T10:59:45.036+1000][gc,cpu        ] GC(1) User=0.00s Sys=0.00s Real=0.00s
[2024-07-31T10:59:45.036+1000][gc,marking    ] GC(1) Concurrent Cleanup for Next Mark
[2024-07-31T10:59:45.044+1000][gc,marking    ] GC(1) Concurrent Cleanup for Next Mark 7.777ms
[2024-07-31T10:59:45.045+1000][gc            ] GC(1) Concurrent Cycle 16.554ms
[2024-07-31T10:59:48.763+1000][gc,start      ] GC(2) Pause Young (Normal) (G1 Evacuation Pause)
[2024-07-31T10:59:48.763+1000][gc,task       ] GC(2) Using 4 workers of 4 for evacuation
[2024-07-31T10:59:48.772+1000][gc,phases     ] GC(2)   Pre Evacuate Collection Set: 0.0ms
[2024-07-31T10:59:48.772+1000][gc,phases     ] GC(2)   Evacuate Collection Set: 8.1ms
[2024-07-31T10:59:48.772+1000][gc,phases     ] GC(2)   Post Evacuate Collection Set: 0.6ms
[2024-07-31T10:59:48.772+1000][gc,phases     ] GC(2)   Other: 0.2ms
[2024-07-31T10:59:48.772+1000][gc,heap       ] GC(2) Eden regions: 44->0(48)
[2024-07-31T10:59:48.772+1000][gc,heap       ] GC(2) Survivor regions: 7->3(7)
[2024-07-31T10:59:48.772+1000][gc,heap       ] GC(2) Old regions: 0->7
[2024-07-31T10:59:48.772+1000][gc,heap       ] GC(2) Humongous regions: 129->129
[2024-07-31T10:59:48.772+1000][gc,metaspace  ] GC(2) Metaspace: 29804K->29804K(1075200K)
[2024-07-31T10:59:48.772+1000][gc            ] GC(2) Pause Young (Normal) (G1 Evacuation Pause) 179M->137M(1024M) 9.016ms
[2024-07-31T10:59:48.772+1000][gc,cpu        ] GC(2) User=0.02s Sys=0.00s Real=0.01s
[2024-07-31T10:59:49.550+1000][gc,start      ] GC(3) Pause Young (Concurrent Start) (Metadata GC Threshold)
[2024-07-31T10:59:49.550+1000][gc,task       ] GC(3) Using 4 workers of 4 for evacuation
[2024-07-31T10:59:49.565+1000][gc,phases     ] GC(3)   Pre Evacuate Collection Set: 0.0ms
[2024-07-31T10:59:49.565+1000][gc,phases     ] GC(3)   Evacuate Collection Set: 14.6ms
[2024-07-31T10:59:49.565+1000][gc,phases     ] GC(3)   Post Evacuate Collection Set: 0.3ms
[2024-07-31T10:59:49.565+1000][gc,phases     ] GC(3)   Other: 0.2ms
[2024-07-31T10:59:49.565+1000][gc,heap       ] GC(3) Eden regions: 26->0(48)
[2024-07-31T10:59:49.565+1000][gc,heap       ] GC(3) Survivor regions: 3->3(7)
[2024-07-31T10:59:49.565+1000][gc,heap       ] GC(3) Old regions: 7->7
[2024-07-31T10:59:49.565+1000][gc,heap       ] GC(3) Humongous regions: 129->129
[2024-07-31T10:59:49.565+1000][gc,metaspace  ] GC(3) Metaspace: 34733K->34733K(1081344K)
[2024-07-31T10:59:49.565+1000][gc            ] GC(3) Pause Young (Concurrent Start) (Metadata GC Threshold) 163M->138M(1024M) 15.151ms
[2024-07-31T10:59:49.565+1000][gc,cpu        ] GC(3) User=0.01s Sys=0.00s Real=0.01s
[2024-07-31T10:59:49.565+1000][gc            ] GC(4) Concurrent Cycle
[2024-07-31T10:59:49.565+1000][gc,marking    ] GC(4) Concurrent Clear Claimed Marks
[2024-07-31T10:59:49.565+1000][gc,marking    ] GC(4) Concurrent Clear Claimed Marks 0.039ms
[2024-07-31T10:59:49.565+1000][gc,marking    ] GC(4) Concurrent Scan Root Regions
[2024-07-31T10:59:49.567+1000][gc,marking    ] GC(4) Concurrent Scan Root Regions 1.813ms
[2024-07-31T10:59:49.567+1000][gc,marking    ] GC(4) Concurrent Mark (6.384s)
[2024-07-31T10:59:49.567+1000][gc,marking    ] GC(4) Concurrent Mark From Roots
[2024-07-31T10:59:49.567+1000][gc,task       ] GC(4) Using 1 workers of 1 for marking
[2024-07-31T10:59:49.575+1000][gc,marking    ] GC(4) Concurrent Mark From Roots 8.447ms
[2024-07-31T10:59:49.575+1000][gc,marking    ] GC(4) Concurrent Preclean
[2024-07-31T10:59:49.575+1000][gc,marking    ] GC(4) Concurrent Preclean 0.082ms
[2024-07-31T10:59:49.575+1000][gc,marking    ] GC(4) Concurrent Mark (6.384s, 6.393s) 8.607ms
[2024-07-31T10:59:49.576+1000][gc,start      ] GC(4) Pause Remark
[2024-07-31T10:59:49.577+1000][gc,stringtable] GC(4) Cleaned string and symbol table, strings: 10891 processed, 12 removed, symbols: 96981 processed, 28 removed
[2024-07-31T10:59:49.578+1000][gc            ] GC(4) Pause Remark 139M->139M(1024M) 2.025ms
[2024-07-31T10:59:49.578+1000][gc,cpu        ] GC(4) User=0.00s Sys=0.00s Real=0.00s
[2024-07-31T10:59:49.578+1000][gc,marking    ] GC(4) Concurrent Rebuild Remembered Sets
[2024-07-31T10:59:49.582+1000][gc,marking    ] GC(4) Concurrent Rebuild Remembered Sets 4.727ms
[2024-07-31T10:59:49.588+1000][gc,start      ] GC(4) Pause Cleanup
[2024-07-31T10:59:49.588+1000][gc            ] GC(4) Pause Cleanup 139M->139M(1024M) 0.215ms
[2024-07-31T10:59:49.588+1000][gc,cpu        ] GC(4) User=0.00s Sys=0.01s Real=0.00s
[2024-07-31T10:59:49.588+1000][gc,marking    ] GC(4) Concurrent Cleanup for Next Mark
[2024-07-31T10:59:49.597+1000][gc,marking    ] GC(4) Concurrent Cleanup for Next Mark 8.799ms
[2024-07-31T10:59:49.597+1000][gc            ] GC(4) Concurrent Cycle 32.112ms
[2024-07-31T10:59:53.568+1000][gc,start      ] GC(5) Pause Young (Normal) (G1 Evacuation Pause)
[2024-07-31T10:59:53.589+1000][gc,task       ] GC(5) Using 4 workers of 4 for evacuation
[2024-07-31T10:59:53.607+1000][gc,phases     ] GC(5)   Pre Evacuate Collection Set: 0.0ms
[2024-07-31T10:59:53.607+1000][gc,phases     ] GC(5)   Evacuate Collection Set: 17.8ms
[2024-07-31T10:59:53.607+1000][gc,phases     ] GC(5)   Post Evacuate Collection Set: 0.7ms
[2024-07-31T10:59:53.607+1000][gc,phases     ] GC(5)   Other: 20.3ms
[2024-07-31T10:59:53.607+1000][gc,heap       ] GC(5) Eden regions: 48->0(44)
[2024-07-31T10:59:53.607+1000][gc,heap       ] GC(5) Survivor regions: 3->7(7)
[2024-07-31T10:59:53.607+1000][gc,heap       ] GC(5) Old regions: 7->7
[2024-07-31T10:59:53.607+1000][gc,heap       ] GC(5) Humongous regions: 129->129
[2024-07-31T10:59:53.607+1000][gc,metaspace  ] GC(5) Metaspace: 42931K->42931K(1087488K)
[2024-07-31T10:59:53.607+1000][gc            ] GC(5) Pause Young (Normal) (G1 Evacuation Pause) 186M->141M(1024M) 38.884ms
[2024-07-31T10:59:53.607+1000][gc,cpu        ] GC(5) User=0.02s Sys=0.00s Real=0.04s
[2024-07-31T11:10:01.823+1000][gc,heap,exit  ] Heap
[2024-07-31T11:10:01.837+1000][gc,heap,exit  ]  garbage-first heap   total 1048576K, used 187291K [0x00000007c0000000, 0x0000000800000000)
[2024-07-31T11:10:01.837+1000][gc,heap,exit  ]   region size 1024K, 50 young (51200K), 7 survivors (7168K)
[2024-07-31T11:10:01.837+1000][gc,heap,exit  ]  Metaspace       used 49742K, capacity 52266K, committed 52472K, reserved 1093632K
[2024-07-31T11:10:01.837+1000][gc,heap,exit  ]   class space    used 6638K, capacity 7902K, committed 8012K, reserved 1048576K
