[2024-07-31T11:24:06.672+1000][gc,heap] Heap region size: 1M
[2024-07-31T11:24:06.679+1000][gc     ] Using G1
[2024-07-31T11:24:06.679+1000][gc,heap,coops] Heap address: 0x00000007c0000000, size: 1024 MB, Compressed Oops mode: Zero based, Oop shift amount: 3
[2024-07-31T11:24:09.108+1000][gc,start     ] GC(0) Pause Young (Concurrent Start) (Metadata GC Threshold)
[2024-07-31T11:24:09.109+1000][gc,task      ] GC(0) Using 4 workers of 4 for evacuation
[2024-07-31T11:24:09.117+1000][gc,phases    ] GC(0)   Pre Evacuate Collection Set: 0.0ms
[2024-07-31T11:24:09.117+1000][gc,phases    ] GC(0)   Evacuate Collection Set: 7.7ms
[2024-07-31T11:24:09.117+1000][gc,phases    ] GC(0)   Post Evacuate Collection Set: 0.4ms
[2024-07-31T11:24:09.117+1000][gc,phases    ] GC(0)   Other: 0.5ms
[2024-07-31T11:24:09.117+1000][gc,heap      ] GC(0) Eden regions: 44->0(44)
[2024-07-31T11:24:09.117+1000][gc,heap      ] GC(0) Survivor regions: 0->7(7)
[2024-07-31T11:24:09.117+1000][gc,heap      ] GC(0) Old regions: 0->0
[2024-07-31T11:24:09.117+1000][gc,heap      ] GC(0) Humongous regions: 0->0
[2024-07-31T11:24:09.117+1000][gc,metaspace ] GC(0) Metaspace: 20673K->20673K(1069056K)
[2024-07-31T11:24:09.117+1000][gc           ] GC(0) Pause Young (Concurrent Start) (Metadata GC Threshold) 44M->6M(1024M) 8.753ms
[2024-07-31T11:24:09.117+1000][gc,cpu       ] GC(0) User=0.01s Sys=0.01s Real=0.01s
[2024-07-31T11:24:09.117+1000][gc           ] GC(1) Concurrent Cycle
[2024-07-31T11:24:09.117+1000][gc,marking   ] GC(1) Concurrent Clear Claimed Marks
[2024-07-31T11:24:09.117+1000][gc,marking   ] GC(1) Concurrent Clear Claimed Marks 0.026ms
[2024-07-31T11:24:09.117+1000][gc,marking   ] GC(1) Concurrent Scan Root Regions
[2024-07-31T11:24:09.120+1000][gc,marking   ] GC(1) Concurrent Scan Root Regions 2.580ms
[2024-07-31T11:24:09.120+1000][gc,marking   ] GC(1) Concurrent Mark (2.453s)
[2024-07-31T11:24:09.120+1000][gc,marking   ] GC(1) Concurrent Mark From Roots
[2024-07-31T11:24:09.120+1000][gc,task      ] GC(1) Using 1 workers of 1 for marking
[2024-07-31T11:24:09.120+1000][gc,marking   ] GC(1) Concurrent Mark From Roots 0.166ms
[2024-07-31T11:24:09.120+1000][gc,marking   ] GC(1) Concurrent Preclean
[2024-07-31T11:24:09.120+1000][gc,marking   ] GC(1) Concurrent Preclean 0.033ms
[2024-07-31T11:24:09.120+1000][gc,marking   ] GC(1) Concurrent Mark (2.453s, 2.453s) 0.252ms
[2024-07-31T11:24:09.120+1000][gc,start     ] GC(1) Pause Remark
[2024-07-31T11:24:09.122+1000][gc,stringtable] GC(1) Cleaned string and symbol table, strings: 7347 processed, 0 removed, symbols: 64394 processed, 39 removed
[2024-07-31T11:24:09.122+1000][gc            ] GC(1) Pause Remark 7M->7M(1024M) 1.677ms
[2024-07-31T11:24:09.122+1000][gc,cpu        ] GC(1) User=0.01s Sys=0.00s Real=0.00s
[2024-07-31T11:24:09.122+1000][gc,marking    ] GC(1) Concurrent Rebuild Remembered Sets
[2024-07-31T11:24:09.122+1000][gc,marking    ] GC(1) Concurrent Rebuild Remembered Sets 0.102ms
[2024-07-31T11:24:09.123+1000][gc,start      ] GC(1) Pause Cleanup
[2024-07-31T11:24:09.123+1000][gc            ] GC(1) Pause Cleanup 7M->7M(1024M) 0.162ms
[2024-07-31T11:24:09.123+1000][gc,cpu        ] GC(1) User=0.00s Sys=0.00s Real=0.00s
[2024-07-31T11:24:09.123+1000][gc,marking    ] GC(1) Concurrent Cleanup for Next Mark
[2024-07-31T11:24:09.130+1000][gc,marking    ] GC(1) Concurrent Cleanup for Next Mark 6.803ms
[2024-07-31T11:24:09.130+1000][gc            ] GC(1) Concurrent Cycle 12.400ms
[2024-07-31T11:24:11.723+1000][gc,start      ] GC(2) Pause Young (Normal) (G1 Evacuation Pause)
[2024-07-31T11:24:11.723+1000][gc,task       ] GC(2) Using 4 workers of 4 for evacuation
[2024-07-31T11:24:11.729+1000][gc,phases     ] GC(2)   Pre Evacuate Collection Set: 0.0ms
[2024-07-31T11:24:11.729+1000][gc,phases     ] GC(2)   Evacuate Collection Set: 6.0ms
[2024-07-31T11:24:11.729+1000][gc,phases     ] GC(2)   Post Evacuate Collection Set: 0.4ms
[2024-07-31T11:24:11.729+1000][gc,phases     ] GC(2)   Other: 0.2ms
[2024-07-31T11:24:11.729+1000][gc,heap       ] GC(2) Eden regions: 44->0(49)
[2024-07-31T11:24:11.729+1000][gc,heap       ] GC(2) Survivor regions: 7->2(7)
[2024-07-31T11:24:11.729+1000][gc,heap       ] GC(2) Old regions: 0->7
[2024-07-31T11:24:11.729+1000][gc,heap       ] GC(2) Humongous regions: 0->0
[2024-07-31T11:24:11.729+1000][gc,metaspace  ] GC(2) Metaspace: 30177K->30177K(1077248K)
[2024-07-31T11:24:11.729+1000][gc            ] GC(2) Pause Young (Normal) (G1 Evacuation Pause) 50M->8M(1024M) 6.716ms
[2024-07-31T11:24:11.729+1000][gc,cpu        ] GC(2) User=0.02s Sys=0.00s Real=0.00s
[2024-07-31T11:24:17.921+1000][gc,start      ] GC(3) Pause Young (Concurrent Start) (Metadata GC Threshold)
[2024-07-31T11:24:17.921+1000][gc,task       ] GC(3) Using 4 workers of 4 for evacuation
[2024-07-31T11:24:17.923+1000][gc,phases     ] GC(3)   Pre Evacuate Collection Set: 0.0ms
[2024-07-31T11:24:17.923+1000][gc,phases     ] GC(3)   Evacuate Collection Set: 1.9ms
[2024-07-31T11:24:17.923+1000][gc,phases     ] GC(3)   Post Evacuate Collection Set: 0.2ms
[2024-07-31T11:24:17.923+1000][gc,phases     ] GC(3)   Other: 0.2ms
[2024-07-31T11:24:17.923+1000][gc,heap       ] GC(3) Eden regions: 31->0(48)
[2024-07-31T11:24:17.923+1000][gc,heap       ] GC(3) Survivor regions: 2->3(7)
[2024-07-31T11:24:17.923+1000][gc,heap       ] GC(3) Old regions: 7->7
[2024-07-31T11:24:17.923+1000][gc,heap       ] GC(3) Humongous regions: 129->129
[2024-07-31T11:24:17.923+1000][gc,metaspace  ] GC(3) Metaspace: 34547K->34547K(1081344K)
[2024-07-31T11:24:17.923+1000][gc            ] GC(3) Pause Young (Concurrent Start) (Metadata GC Threshold) 168M->138M(1024M) 2.479ms
[2024-07-31T11:24:17.923+1000][gc,cpu        ] GC(3) User=0.00s Sys=0.00s Real=0.00s
[2024-07-31T11:24:17.923+1000][gc            ] GC(4) Concurrent Cycle
[2024-07-31T11:24:17.923+1000][gc,marking    ] GC(4) Concurrent Clear Claimed Marks
[2024-07-31T11:24:17.923+1000][gc,marking    ] GC(4) Concurrent Clear Claimed Marks 0.027ms
[2024-07-31T11:24:17.923+1000][gc,marking    ] GC(4) Concurrent Scan Root Regions
[2024-07-31T11:24:17.926+1000][gc,marking    ] GC(4) Concurrent Scan Root Regions 2.262ms
[2024-07-31T11:24:17.926+1000][gc,marking    ] GC(4) Concurrent Mark (11.259s)
[2024-07-31T11:24:17.926+1000][gc,marking    ] GC(4) Concurrent Mark From Roots
[2024-07-31T11:24:17.926+1000][gc,task       ] GC(4) Using 1 workers of 1 for marking
[2024-07-31T11:24:17.934+1000][gc,marking    ] GC(4) Concurrent Mark From Roots 8.291ms
[2024-07-31T11:24:17.934+1000][gc,marking    ] GC(4) Concurrent Preclean
[2024-07-31T11:24:17.934+1000][gc,marking    ] GC(4) Concurrent Preclean 0.075ms
[2024-07-31T11:24:17.934+1000][gc,marking    ] GC(4) Concurrent Mark (11.259s, 11.268s) 8.451ms
[2024-07-31T11:24:17.934+1000][gc,start      ] GC(4) Pause Remark
[2024-07-31T11:24:17.937+1000][gc,stringtable] GC(4) Cleaned string and symbol table, strings: 10554 processed, 12 removed, symbols: 97755 processed, 27 removed
[2024-07-31T11:24:17.937+1000][gc            ] GC(4) Pause Remark 140M->140M(1024M) 2.390ms
[2024-07-31T11:24:17.937+1000][gc,cpu        ] GC(4) User=0.01s Sys=0.00s Real=0.00s
[2024-07-31T11:24:17.937+1000][gc,marking    ] GC(4) Concurrent Rebuild Remembered Sets
[2024-07-31T11:24:17.942+1000][gc,marking    ] GC(4) Concurrent Rebuild Remembered Sets 5.236ms
[2024-07-31T11:24:17.942+1000][gc,start      ] GC(4) Pause Cleanup
[2024-07-31T11:24:17.942+1000][gc            ] GC(4) Pause Cleanup 141M->141M(1024M) 0.120ms
[2024-07-31T11:24:17.942+1000][gc,cpu        ] GC(4) User=0.00s Sys=0.00s Real=0.00s
[2024-07-31T11:24:17.942+1000][gc,marking    ] GC(4) Concurrent Cleanup for Next Mark
[2024-07-31T11:24:17.951+1000][gc,marking    ] GC(4) Concurrent Cleanup for Next Mark 8.978ms
[2024-07-31T11:24:17.952+1000][gc            ] GC(4) Concurrent Cycle 28.203ms
[2024-07-31T11:24:18.947+1000][gc,start      ] GC(5) Pause Young (Normal) (G1 Evacuation Pause)
[2024-07-31T11:24:18.947+1000][gc,task       ] GC(5) Using 4 workers of 4 for evacuation
[2024-07-31T11:24:18.955+1000][gc,phases     ] GC(5)   Pre Evacuate Collection Set: 0.0ms
[2024-07-31T11:24:18.955+1000][gc,phases     ] GC(5)   Evacuate Collection Set: 7.0ms
[2024-07-31T11:24:18.955+1000][gc,phases     ] GC(5)   Post Evacuate Collection Set: 0.6ms
[2024-07-31T11:24:18.955+1000][gc,phases     ] GC(5)   Other: 0.2ms
[2024-07-31T11:24:18.955+1000][gc,heap       ] GC(5) Eden regions: 48->0(44)
[2024-07-31T11:24:18.955+1000][gc,heap       ] GC(5) Survivor regions: 3->7(7)
[2024-07-31T11:24:18.955+1000][gc,heap       ] GC(5) Old regions: 7->7
[2024-07-31T11:24:18.955+1000][gc,heap       ] GC(5) Humongous regions: 129->129
[2024-07-31T11:24:18.955+1000][gc,metaspace  ] GC(5) Metaspace: 42716K->42716K(1087488K)
[2024-07-31T11:24:18.955+1000][gc            ] GC(5) Pause Young (Normal) (G1 Evacuation Pause) 186M->142M(1024M) 7.941ms
[2024-07-31T11:24:18.955+1000][gc,cpu        ] GC(5) User=0.02s Sys=0.00s Real=0.01s
[2024-07-31T11:29:48.864+1000][gc,start      ] GC(6) Pause Young (Normal) (G1 Evacuation Pause)
[2024-07-31T11:29:48.864+1000][gc,task       ] GC(6) Using 4 workers of 4 for evacuation
[2024-07-31T11:29:48.871+1000][gc,phases     ] GC(6)   Pre Evacuate Collection Set: 0.0ms
[2024-07-31T11:29:48.872+1000][gc,phases     ] GC(6)   Evacuate Collection Set: 6.3ms
[2024-07-31T11:29:48.872+1000][gc,phases     ] GC(6)   Post Evacuate Collection Set: 0.5ms
[2024-07-31T11:29:48.872+1000][gc,phases     ] GC(6)   Other: 0.2ms
[2024-07-31T11:29:48.872+1000][gc,heap       ] GC(6) Eden regions: 44->0(48)
[2024-07-31T11:29:48.872+1000][gc,heap       ] GC(6) Survivor regions: 7->3(7)
[2024-07-31T11:29:48.872+1000][gc,heap       ] GC(6) Old regions: 7->14
[2024-07-31T11:29:48.872+1000][gc,heap       ] GC(6) Humongous regions: 141->129
[2024-07-31T11:29:48.872+1000][gc,metaspace  ] GC(6) Metaspace: 48809K->48809K(1093632K)
[2024-07-31T11:29:48.872+1000][gc            ] GC(6) Pause Young (Normal) (G1 Evacuation Pause) 198M->144M(1024M) 7.187ms
[2024-07-31T11:29:48.872+1000][gc,cpu        ] GC(6) User=0.02s Sys=0.00s Real=0.01s
[2024-07-31T11:39:06.313+1000][gc,start      ] GC(7) Pause Young (Normal) (G1 Evacuation Pause)
[2024-07-31T11:39:06.342+1000][gc,task       ] GC(7) Using 4 workers of 4 for evacuation
[2024-07-31T11:39:06.348+1000][gc,phases     ] GC(7)   Pre Evacuate Collection Set: 0.0ms
[2024-07-31T11:39:06.348+1000][gc,phases     ] GC(7)   Evacuate Collection Set: 5.1ms
[2024-07-31T11:39:06.348+1000][gc,phases     ] GC(7)   Post Evacuate Collection Set: 0.6ms
[2024-07-31T11:39:06.348+1000][gc,phases     ] GC(7)   Other: 29.8ms
[2024-07-31T11:39:06.348+1000][gc,heap       ] GC(7) Eden regions: 48->0(46)
[2024-07-31T11:39:06.348+1000][gc,heap       ] GC(7) Survivor regions: 3->5(7)
[2024-07-31T11:39:06.348+1000][gc,heap       ] GC(7) Old regions: 14->14
[2024-07-31T11:39:06.348+1000][gc,heap       ] GC(7) Humongous regions: 129->129
[2024-07-31T11:39:06.348+1000][gc,metaspace  ] GC(7) Metaspace: 51571K->51571K(1095680K)
[2024-07-31T11:39:06.349+1000][gc            ] GC(7) Pause Young (Normal) (G1 Evacuation Pause) 192M->146M(1024M) 35.663ms
[2024-07-31T11:39:06.349+1000][gc,cpu        ] GC(7) User=0.02s Sys=0.01s Real=0.03s
[2024-07-31T11:48:26.916+1000][gc,start      ] GC(8) Pause Young (Normal) (G1 Evacuation Pause)
[2024-07-31T11:48:26.994+1000][gc,task       ] GC(8) Using 4 workers of 4 for evacuation
[2024-07-31T11:48:27.001+1000][gc,phases     ] GC(8)   Pre Evacuate Collection Set: 0.0ms
[2024-07-31T11:48:27.001+1000][gc,phases     ] GC(8)   Evacuate Collection Set: 6.4ms
[2024-07-31T11:48:27.001+1000][gc,phases     ] GC(8)   Post Evacuate Collection Set: 0.5ms
[2024-07-31T11:48:27.001+1000][gc,phases     ] GC(8)   Other: 78.3ms
[2024-07-31T11:48:27.001+1000][gc,heap       ] GC(8) Eden regions: 46->0(47)
[2024-07-31T11:48:27.001+1000][gc,heap       ] GC(8) Survivor regions: 5->4(7)
[2024-07-31T11:48:27.001+1000][gc,heap       ] GC(8) Old regions: 14->15
[2024-07-31T11:48:27.001+1000][gc,heap       ] GC(8) Humongous regions: 129->129
[2024-07-31T11:48:27.001+1000][gc,metaspace  ] GC(8) Metaspace: 51647K->51647K(1095680K)
[2024-07-31T11:48:27.001+1000][gc            ] GC(8) Pause Young (Normal) (G1 Evacuation Pause) 192M->147M(1024M) 85.327ms
[2024-07-31T11:48:27.001+1000][gc,cpu        ] GC(8) User=0.02s Sys=0.00s Real=0.09s
[2024-07-31T11:59:01.826+1000][gc,start      ] GC(9) Pause Young (Normal) (G1 Evacuation Pause)
[2024-07-31T11:59:02.165+1000][gc,task       ] GC(9) Using 4 workers of 4 for evacuation
[2024-07-31T11:59:02.180+1000][gc,phases     ] GC(9)   Pre Evacuate Collection Set: 0.7ms
[2024-07-31T11:59:02.181+1000][gc,phases     ] GC(9)   Evacuate Collection Set: 13.2ms
[2024-07-31T11:59:02.181+1000][gc,phases     ] GC(9)   Post Evacuate Collection Set: 0.7ms
[2024-07-31T11:59:02.181+1000][gc,phases     ] GC(9)   Other: 339.6ms
[2024-07-31T11:59:02.181+1000][gc,heap       ] GC(9) Eden regions: 47->0(48)
[2024-07-31T11:59:02.181+1000][gc,heap       ] GC(9) Survivor regions: 4->3(7)
[2024-07-31T11:59:02.181+1000][gc,heap       ] GC(9) Old regions: 15->15
[2024-07-31T11:59:02.181+1000][gc,heap       ] GC(9) Humongous regions: 129->129
[2024-07-31T11:59:02.181+1000][gc,metaspace  ] GC(9) Metaspace: 51701K->51701K(1095680K)
[2024-07-31T11:59:02.181+1000][gc            ] GC(9) Pause Young (Normal) (G1 Evacuation Pause) 194M->146M(1024M) 354.372ms
[2024-07-31T11:59:02.181+1000][gc,cpu        ] GC(9) User=0.01s Sys=0.04s Real=0.36s
[2024-07-31T12:10:33.606+1000][gc,start      ] GC(10) Pause Young (Normal) (G1 Evacuation Pause)
[2024-07-31T12:10:34.105+1000][gc,task       ] GC(10) Using 4 workers of 4 for evacuation
[2024-07-31T12:10:34.469+1000][gc,mmu        ] GC(10) MMU target violated: 21.0ms (20.0ms/21.0ms)
[2024-07-31T12:10:34.469+1000][gc,phases     ] GC(10)   Pre Evacuate Collection Set: 0.6ms
[2024-07-31T12:10:34.469+1000][gc,phases     ] GC(10)   Evacuate Collection Set: 361.9ms
[2024-07-31T12:10:34.469+1000][gc,phases     ] GC(10)   Post Evacuate Collection Set: 0.8ms
[2024-07-31T12:10:34.469+1000][gc,phases     ] GC(10)   Other: 655.3ms
[2024-07-31T12:10:34.469+1000][gc,heap       ] GC(10) Eden regions: 48->0(47)
[2024-07-31T12:10:34.469+1000][gc,heap       ] GC(10) Survivor regions: 3->4(7)
[2024-07-31T12:10:34.469+1000][gc,heap       ] GC(10) Old regions: 15->15
[2024-07-31T12:10:34.469+1000][gc,heap       ] GC(10) Humongous regions: 129->129
[2024-07-31T12:10:34.469+1000][gc,metaspace  ] GC(10) Metaspace: 52310K->52310K(1095680K)
[2024-07-31T12:10:34.469+1000][gc            ] GC(10) Pause Young (Normal) (G1 Evacuation Pause) 194M->146M(1024M) 863.076ms
[2024-07-31T12:10:34.469+1000][gc,cpu        ] GC(10) User=0.33s Sys=0.02s Real=0.86s
[2024-07-31T12:46:47.332+1000][gc,start      ] GC(11) Pause Young (Normal) (G1 Evacuation Pause)
[2024-07-31T12:46:47.344+1000][gc,task       ] GC(11) Using 4 workers of 4 for evacuation
[2024-07-31T12:46:47.358+1000][gc,phases     ] GC(11)   Pre Evacuate Collection Set: 0.8ms
[2024-07-31T12:46:47.358+1000][gc,phases     ] GC(11)   Evacuate Collection Set: 12.1ms
[2024-07-31T12:46:47.358+1000][gc,phases     ] GC(11)   Post Evacuate Collection Set: 0.6ms
[2024-07-31T12:46:47.358+1000][gc,phases     ] GC(11)   Other: 12.2ms
[2024-07-31T12:46:47.358+1000][gc,heap       ] GC(11) Eden regions: 47->0(47)
[2024-07-31T12:46:47.358+1000][gc,heap       ] GC(11) Survivor regions: 4->4(7)
[2024-07-31T12:46:47.358+1000][gc,heap       ] GC(11) Old regions: 15->15
[2024-07-31T12:46:47.358+1000][gc,heap       ] GC(11) Humongous regions: 129->129
[2024-07-31T12:46:47.358+1000][gc,metaspace  ] GC(11) Metaspace: 52410K->52410K(1095680K)
[2024-07-31T12:46:47.358+1000][gc            ] GC(11) Pause Young (Normal) (G1 Evacuation Pause) 193M->147M(1024M) 25.689ms
[2024-07-31T12:46:47.358+1000][gc,cpu        ] GC(11) User=0.02s Sys=0.03s Real=0.02s
[2024-07-31T13:23:29.589+1000][gc,start      ] GC(12) Pause Young (Normal) (G1 Evacuation Pause)
[2024-07-31T13:23:29.686+1000][gc,task       ] GC(12) Using 4 workers of 4 for evacuation
[2024-07-31T13:23:29.690+1000][gc,phases     ] GC(12)   Pre Evacuate Collection Set: 0.1ms
[2024-07-31T13:23:29.690+1000][gc,phases     ] GC(12)   Evacuate Collection Set: 3.6ms
[2024-07-31T13:23:29.690+1000][gc,phases     ] GC(12)   Post Evacuate Collection Set: 0.5ms
[2024-07-31T13:23:29.691+1000][gc,phases     ] GC(12)   Other: 97.5ms
[2024-07-31T13:23:29.691+1000][gc,heap       ] GC(12) Eden regions: 47->0(47)
[2024-07-31T13:23:29.691+1000][gc,heap       ] GC(12) Survivor regions: 4->4(7)
[2024-07-31T13:23:29.691+1000][gc,heap       ] GC(12) Old regions: 15->15
[2024-07-31T13:23:29.691+1000][gc,heap       ] GC(12) Humongous regions: 129->129
[2024-07-31T13:23:29.691+1000][gc,metaspace  ] GC(12) Metaspace: 52439K->52439K(1095680K)
[2024-07-31T13:23:29.691+1000][gc            ] GC(12) Pause Young (Normal) (G1 Evacuation Pause) 194M->146M(1024M) 101.656ms
[2024-07-31T13:23:29.691+1000][gc,cpu        ] GC(12) User=0.01s Sys=0.01s Real=0.11s
[2024-07-31T13:59:22.020+1000][gc,start      ] GC(13) Pause Young (Normal) (G1 Evacuation Pause)
[2024-07-31T13:59:22.073+1000][gc,task       ] GC(13) Using 4 workers of 4 for evacuation
[2024-07-31T13:59:22.076+1000][gc,phases     ] GC(13)   Pre Evacuate Collection Set: 0.0ms
[2024-07-31T13:59:22.076+1000][gc,phases     ] GC(13)   Evacuate Collection Set: 2.8ms
[2024-07-31T13:59:22.076+1000][gc,phases     ] GC(13)   Post Evacuate Collection Set: 0.5ms
[2024-07-31T13:59:22.077+1000][gc,phases     ] GC(13)   Other: 53.4ms
[2024-07-31T13:59:22.077+1000][gc,heap       ] GC(13) Eden regions: 47->0(47)
[2024-07-31T13:59:22.077+1000][gc,heap       ] GC(13) Survivor regions: 4->4(7)
[2024-07-31T13:59:22.077+1000][gc,heap       ] GC(13) Old regions: 15->15
[2024-07-31T13:59:22.077+1000][gc,heap       ] GC(13) Humongous regions: 129->129
[2024-07-31T13:59:22.077+1000][gc,metaspace  ] GC(13) Metaspace: 52483K->52483K(1095680K)
[2024-07-31T13:59:22.077+1000][gc            ] GC(13) Pause Young (Normal) (G1 Evacuation Pause) 193M->147M(1024M) 56.782ms
[2024-07-31T13:59:22.077+1000][gc,cpu        ] GC(13) User=0.01s Sys=0.00s Real=0.05s
