[2024-07-31T11:20:51.619+1000][gc,heap] Heap region size: 1M
[2024-07-31T11:20:51.626+1000][gc     ] Using G1
[2024-07-31T11:20:51.626+1000][gc,heap,coops] Heap address: 0x00000007c0000000, size: 1024 MB, Compressed Oops mode: Zero based, Oop shift amount: 3
[2024-07-31T11:20:54.055+1000][gc,start     ] GC(0) Pause Young (Concurrent Start) (Metadata GC Threshold)
[2024-07-31T11:20:54.055+1000][gc,task      ] GC(0) Using 4 workers of 4 for evacuation
[2024-07-31T11:20:54.062+1000][gc,phases    ] GC(0)   Pre Evacuate Collection Set: 0.0ms
[2024-07-31T11:20:54.062+1000][gc,phases    ] GC(0)   Evacuate Collection Set: 6.4ms
[2024-07-31T11:20:54.062+1000][gc,phases    ] GC(0)   Post Evacuate Collection Set: 0.4ms
[2024-07-31T11:20:54.062+1000][gc,phases    ] GC(0)   Other: 0.5ms
[2024-07-31T11:20:54.062+1000][gc,heap      ] GC(0) Eden regions: 44->0(44)
[2024-07-31T11:20:54.062+1000][gc,heap      ] GC(0) Survivor regions: 0->7(7)
[2024-07-31T11:20:54.062+1000][gc,heap      ] GC(0) Old regions: 0->0
[2024-07-31T11:20:54.062+1000][gc,heap      ] GC(0) Humongous regions: 0->0
[2024-07-31T11:20:54.062+1000][gc,metaspace ] GC(0) Metaspace: 20560K->20560K(1069056K)
[2024-07-31T11:20:54.062+1000][gc           ] GC(0) Pause Young (Concurrent Start) (Metadata GC Threshold) 43M->6M(1024M) 7.428ms
[2024-07-31T11:20:54.062+1000][gc,cpu       ] GC(0) User=0.01s Sys=0.00s Real=0.01s
[2024-07-31T11:20:54.062+1000][gc           ] GC(1) Concurrent Cycle
[2024-07-31T11:20:54.063+1000][gc,marking   ] GC(1) Concurrent Clear Claimed Marks
[2024-07-31T11:20:54.063+1000][gc,marking   ] GC(1) Concurrent Clear Claimed Marks 0.020ms
[2024-07-31T11:20:54.063+1000][gc,marking   ] GC(1) Concurrent Scan Root Regions
[2024-07-31T11:20:54.065+1000][gc,marking   ] GC(1) Concurrent Scan Root Regions 2.592ms
[2024-07-31T11:20:54.065+1000][gc,marking   ] GC(1) Concurrent Mark (2.452s)
[2024-07-31T11:20:54.065+1000][gc,marking   ] GC(1) Concurrent Mark From Roots
[2024-07-31T11:20:54.065+1000][gc,task      ] GC(1) Using 1 workers of 1 for marking
[2024-07-31T11:20:54.065+1000][gc,marking   ] GC(1) Concurrent Mark From Roots 0.148ms
[2024-07-31T11:20:54.065+1000][gc,marking   ] GC(1) Concurrent Preclean
[2024-07-31T11:20:54.065+1000][gc,marking   ] GC(1) Concurrent Preclean 0.025ms
[2024-07-31T11:20:54.065+1000][gc,marking   ] GC(1) Concurrent Mark (2.452s, 2.452s) 0.209ms
[2024-07-31T11:20:54.066+1000][gc,start     ] GC(1) Pause Remark
[2024-07-31T11:20:54.067+1000][gc,stringtable] GC(1) Cleaned string and symbol table, strings: 7339 processed, 0 removed, symbols: 64343 processed, 41 removed
[2024-07-31T11:20:54.067+1000][gc            ] GC(1) Pause Remark 7M->7M(1024M) 1.899ms
[2024-07-31T11:20:54.067+1000][gc,cpu        ] GC(1) User=0.01s Sys=0.00s Real=0.00s
[2024-07-31T11:20:54.068+1000][gc,marking    ] GC(1) Concurrent Rebuild Remembered Sets
[2024-07-31T11:20:54.068+1000][gc,marking    ] GC(1) Concurrent Rebuild Remembered Sets 0.113ms
[2024-07-31T11:20:54.068+1000][gc,start      ] GC(1) Pause Cleanup
[2024-07-31T11:20:54.068+1000][gc            ] GC(1) Pause Cleanup 7M->7M(1024M) 0.109ms
[2024-07-31T11:20:54.068+1000][gc,cpu        ] GC(1) User=0.00s Sys=0.00s Real=0.00s
[2024-07-31T11:20:54.068+1000][gc,marking    ] GC(1) Concurrent Cleanup for Next Mark
[2024-07-31T11:20:54.076+1000][gc,marking    ] GC(1) Concurrent Cleanup for Next Mark 7.667ms
[2024-07-31T11:20:54.076+1000][gc            ] GC(1) Concurrent Cycle 13.163ms
[2024-07-31T11:20:56.749+1000][gc,start      ] GC(2) Pause Young (Normal) (G1 Evacuation Pause)
[2024-07-31T11:20:56.749+1000][gc,task       ] GC(2) Using 4 workers of 4 for evacuation
[2024-07-31T11:20:56.757+1000][gc,phases     ] GC(2)   Pre Evacuate Collection Set: 0.0ms
[2024-07-31T11:20:56.757+1000][gc,phases     ] GC(2)   Evacuate Collection Set: 7.5ms
[2024-07-31T11:20:56.757+1000][gc,phases     ] GC(2)   Post Evacuate Collection Set: 0.6ms
[2024-07-31T11:20:56.757+1000][gc,phases     ] GC(2)   Other: 0.2ms
[2024-07-31T11:20:56.757+1000][gc,heap       ] GC(2) Eden regions: 44->0(48)
[2024-07-31T11:20:56.757+1000][gc,heap       ] GC(2) Survivor regions: 7->3(7)
[2024-07-31T11:20:56.757+1000][gc,heap       ] GC(2) Old regions: 0->7
[2024-07-31T11:20:56.757+1000][gc,heap       ] GC(2) Humongous regions: 129->129
[2024-07-31T11:20:56.757+1000][gc,metaspace  ] GC(2) Metaspace: 29835K->29835K(1075200K)
[2024-07-31T11:20:56.757+1000][gc            ] GC(2) Pause Young (Normal) (G1 Evacuation Pause) 179M->137M(1024M) 8.371ms
[2024-07-31T11:20:56.757+1000][gc,cpu        ] GC(2) User=0.02s Sys=0.00s Real=0.01s
[2024-07-31T11:20:56.981+1000][gc,start      ] GC(3) Pause Young (Concurrent Start) (Metadata GC Threshold)
[2024-07-31T11:20:56.981+1000][gc,task       ] GC(3) Using 4 workers of 4 for evacuation
[2024-07-31T11:20:56.984+1000][gc,phases     ] GC(3)   Pre Evacuate Collection Set: 0.0ms
[2024-07-31T11:20:56.984+1000][gc,phases     ] GC(3)   Evacuate Collection Set: 2.6ms
[2024-07-31T11:20:56.984+1000][gc,phases     ] GC(3)   Post Evacuate Collection Set: 0.3ms
[2024-07-31T11:20:56.984+1000][gc,phases     ] GC(3)   Other: 0.2ms
[2024-07-31T11:20:56.984+1000][gc,heap       ] GC(3) Eden regions: 24->0(48)
[2024-07-31T11:20:56.984+1000][gc,heap       ] GC(3) Survivor regions: 3->3(7)
[2024-07-31T11:20:56.984+1000][gc,heap       ] GC(3) Old regions: 7->7
[2024-07-31T11:20:56.984+1000][gc,heap       ] GC(3) Humongous regions: 129->129
[2024-07-31T11:20:56.984+1000][gc,metaspace  ] GC(3) Metaspace: 34523K->34523K(1081344K)
[2024-07-31T11:20:56.984+1000][gc            ] GC(3) Pause Young (Concurrent Start) (Metadata GC Threshold) 161M->138M(1024M) 3.248ms
[2024-07-31T11:20:56.984+1000][gc,cpu        ] GC(3) User=0.01s Sys=0.00s Real=0.00s
[2024-07-31T11:20:56.984+1000][gc            ] GC(4) Concurrent Cycle
[2024-07-31T11:20:56.985+1000][gc,marking    ] GC(4) Concurrent Clear Claimed Marks
[2024-07-31T11:20:56.985+1000][gc,marking    ] GC(4) Concurrent Clear Claimed Marks 0.017ms
[2024-07-31T11:20:56.985+1000][gc,marking    ] GC(4) Concurrent Scan Root Regions
[2024-07-31T11:20:56.987+1000][gc,marking    ] GC(4) Concurrent Scan Root Regions 2.020ms
[2024-07-31T11:20:56.987+1000][gc,marking    ] GC(4) Concurrent Mark (5.373s)
[2024-07-31T11:20:56.987+1000][gc,marking    ] GC(4) Concurrent Mark From Roots
[2024-07-31T11:20:56.987+1000][gc,task       ] GC(4) Using 1 workers of 1 for marking
[2024-07-31T11:20:56.994+1000][gc,marking    ] GC(4) Concurrent Mark From Roots 7.339ms
[2024-07-31T11:20:56.994+1000][gc,marking    ] GC(4) Concurrent Preclean
[2024-07-31T11:20:56.994+1000][gc,marking    ] GC(4) Concurrent Preclean 0.063ms
[2024-07-31T11:20:56.994+1000][gc,marking    ] GC(4) Concurrent Mark (5.373s, 5.381s) 7.472ms
[2024-07-31T11:20:56.994+1000][gc,start      ] GC(4) Pause Remark
[2024-07-31T11:20:56.996+1000][gc,stringtable] GC(4) Cleaned string and symbol table, strings: 10759 processed, 12 removed, symbols: 96530 processed, 27 removed
[2024-07-31T11:20:56.997+1000][gc            ] GC(4) Pause Remark 139M->139M(1024M) 2.421ms
[2024-07-31T11:20:56.997+1000][gc,cpu        ] GC(4) User=0.01s Sys=0.00s Real=0.00s
[2024-07-31T11:20:56.997+1000][gc,marking    ] GC(4) Concurrent Rebuild Remembered Sets
[2024-07-31T11:20:57.001+1000][gc,marking    ] GC(4) Concurrent Rebuild Remembered Sets 4.390ms
[2024-07-31T11:20:57.001+1000][gc,start      ] GC(4) Pause Cleanup
[2024-07-31T11:20:57.002+1000][gc            ] GC(4) Pause Cleanup 140M->140M(1024M) 0.157ms
[2024-07-31T11:20:57.002+1000][gc,cpu        ] GC(4) User=0.00s Sys=0.00s Real=0.00s
[2024-07-31T11:20:57.002+1000][gc,marking    ] GC(4) Concurrent Cleanup for Next Mark
[2024-07-31T11:20:57.010+1000][gc,marking    ] GC(4) Concurrent Cleanup for Next Mark 8.677ms
[2024-07-31T11:20:57.010+1000][gc            ] GC(4) Concurrent Cycle 25.903ms
[2024-07-31T11:20:58.125+1000][gc,start      ] GC(5) Pause Young (Normal) (G1 Evacuation Pause)
[2024-07-31T11:20:58.125+1000][gc,task       ] GC(5) Using 4 workers of 4 for evacuation
[2024-07-31T11:20:58.131+1000][gc,phases     ] GC(5)   Pre Evacuate Collection Set: 0.0ms
[2024-07-31T11:20:58.131+1000][gc,phases     ] GC(5)   Evacuate Collection Set: 4.9ms
[2024-07-31T11:20:58.131+1000][gc,phases     ] GC(5)   Post Evacuate Collection Set: 0.4ms
[2024-07-31T11:20:58.131+1000][gc,phases     ] GC(5)   Other: 0.2ms
[2024-07-31T11:20:58.131+1000][gc,heap       ] GC(5) Eden regions: 48->0(44)
[2024-07-31T11:20:58.131+1000][gc,heap       ] GC(5) Survivor regions: 3->7(7)
[2024-07-31T11:20:58.131+1000][gc,heap       ] GC(5) Old regions: 7->7
[2024-07-31T11:20:58.131+1000][gc,heap       ] GC(5) Humongous regions: 129->129
[2024-07-31T11:20:58.131+1000][gc,metaspace  ] GC(5) Metaspace: 42453K->42453K(1087488K)
[2024-07-31T11:20:58.131+1000][gc            ] GC(5) Pause Young (Normal) (G1 Evacuation Pause) 186M->142M(1024M) 5.570ms
[2024-07-31T11:20:58.131+1000][gc,cpu        ] GC(5) User=0.02s Sys=0.00s Real=0.01s
[2024-07-31T11:21:51.939+1000][gc,heap,exit  ] Heap
[2024-07-31T11:21:51.939+1000][gc,heap,exit  ]  garbage-first heap   total 1048576K, used 162848K [0x00000007c0000000, 0x0000000800000000)
[2024-07-31T11:21:51.939+1000][gc,heap,exit  ]   region size 1024K, 25 young (25600K), 7 survivors (7168K)
[2024-07-31T11:21:51.939+1000][gc,heap,exit  ]  Metaspace       used 44495K, capacity 45981K, committed 46080K, reserved 1089536K
[2024-07-31T11:21:51.939+1000][gc,heap,exit  ]   class space    used 5425K, capacity 6136K, committed 6144K, reserved 1048576K
