[2024-07-31T11:25:58.255+1000][gc,heap] Heap region size: 1M
[2024-07-31T11:25:58.263+1000][gc     ] Using G1
[2024-07-31T11:25:58.263+1000][gc,heap,coops] Heap address: 0x00000007c0000000, size: 1024 MB, Compressed Oops mode: Zero based, Oop shift amount: 3
[2024-07-31T11:25:59.433+1000][gc,start     ] GC(0) Pause Young (Concurrent Start) (Metadata GC Threshold)
[2024-07-31T11:25:59.434+1000][gc,task      ] GC(0) Using 4 workers of 4 for evacuation
[2024-07-31T11:25:59.442+1000][gc,phases    ] GC(0)   Pre Evacuate Collection Set: 0.0ms
[2024-07-31T11:25:59.442+1000][gc,phases    ] GC(0)   Evacuate Collection Set: 7.6ms
[2024-07-31T11:25:59.442+1000][gc,phases    ] GC(0)   Post Evacuate Collection Set: 0.6ms
[2024-07-31T11:25:59.442+1000][gc,phases    ] GC(0)   Other: 0.4ms
[2024-07-31T11:25:59.442+1000][gc,heap      ] GC(0) Eden regions: 44->0(44)
[2024-07-31T11:25:59.442+1000][gc,heap      ] GC(0) Survivor regions: 0->7(7)
[2024-07-31T11:25:59.442+1000][gc,heap      ] GC(0) Old regions: 0->0
[2024-07-31T11:25:59.442+1000][gc,heap      ] GC(0) Humongous regions: 0->0
[2024-07-31T11:25:59.442+1000][gc,metaspace ] GC(0) Metaspace: 20664K->20664K(1069056K)
[2024-07-31T11:25:59.442+1000][gc           ] GC(0) Pause Young (Concurrent Start) (Metadata GC Threshold) 44M->6M(1024M) 8.806ms
[2024-07-31T11:25:59.442+1000][gc,cpu       ] GC(0) User=0.01s Sys=0.00s Real=0.01s
[2024-07-31T11:25:59.442+1000][gc           ] GC(1) Concurrent Cycle
[2024-07-31T11:25:59.442+1000][gc,marking   ] GC(1) Concurrent Clear Claimed Marks
[2024-07-31T11:25:59.442+1000][gc,marking   ] GC(1) Concurrent Clear Claimed Marks 0.024ms
[2024-07-31T11:25:59.442+1000][gc,marking   ] GC(1) Concurrent Scan Root Regions
[2024-07-31T11:25:59.445+1000][gc,marking   ] GC(1) Concurrent Scan Root Regions 3.152ms
[2024-07-31T11:25:59.445+1000][gc,marking   ] GC(1) Concurrent Mark (1.197s)
[2024-07-31T11:25:59.446+1000][gc,marking   ] GC(1) Concurrent Mark From Roots
[2024-07-31T11:25:59.446+1000][gc,task      ] GC(1) Using 1 workers of 1 for marking
[2024-07-31T11:25:59.446+1000][gc,marking   ] GC(1) Concurrent Mark From Roots 0.166ms
[2024-07-31T11:25:59.446+1000][gc,marking   ] GC(1) Concurrent Preclean
[2024-07-31T11:25:59.446+1000][gc,marking   ] GC(1) Concurrent Preclean 0.035ms
[2024-07-31T11:25:59.446+1000][gc,marking   ] GC(1) Concurrent Mark (1.197s, 1.197s) 0.247ms
[2024-07-31T11:25:59.446+1000][gc,start     ] GC(1) Pause Remark
[2024-07-31T11:25:59.448+1000][gc,stringtable] GC(1) Cleaned string and symbol table, strings: 7341 processed, 0 removed, symbols: 64395 processed, 39 removed
[2024-07-31T11:25:59.448+1000][gc            ] GC(1) Pause Remark 7M->7M(1024M) 2.284ms
[2024-07-31T11:25:59.448+1000][gc,cpu        ] GC(1) User=0.01s Sys=0.00s Real=0.00s
[2024-07-31T11:25:59.448+1000][gc,marking    ] GC(1) Concurrent Rebuild Remembered Sets
[2024-07-31T11:25:59.448+1000][gc,marking    ] GC(1) Concurrent Rebuild Remembered Sets 0.064ms
[2024-07-31T11:25:59.448+1000][gc,start      ] GC(1) Pause Cleanup
[2024-07-31T11:25:59.449+1000][gc            ] GC(1) Pause Cleanup 7M->7M(1024M) 0.132ms
[2024-07-31T11:25:59.449+1000][gc,cpu        ] GC(1) User=0.00s Sys=0.00s Real=0.00s
[2024-07-31T11:25:59.449+1000][gc,marking    ] GC(1) Concurrent Cleanup for Next Mark
[2024-07-31T11:25:59.456+1000][gc,marking    ] GC(1) Concurrent Cleanup for Next Mark 7.370ms
[2024-07-31T11:25:59.456+1000][gc            ] GC(1) Concurrent Cycle 13.816ms
[2024-07-31T11:26:01.566+1000][gc,start      ] GC(2) Pause Young (Normal) (G1 Evacuation Pause)
[2024-07-31T11:26:01.566+1000][gc,task       ] GC(2) Using 4 workers of 4 for evacuation
[2024-07-31T11:26:01.574+1000][gc,phases     ] GC(2)   Pre Evacuate Collection Set: 0.1ms
[2024-07-31T11:26:01.574+1000][gc,phases     ] GC(2)   Evacuate Collection Set: 7.2ms
[2024-07-31T11:26:01.574+1000][gc,phases     ] GC(2)   Post Evacuate Collection Set: 0.6ms
[2024-07-31T11:26:01.574+1000][gc,phases     ] GC(2)   Other: 0.2ms
[2024-07-31T11:26:01.574+1000][gc,heap       ] GC(2) Eden regions: 44->0(48)
[2024-07-31T11:26:01.574+1000][gc,heap       ] GC(2) Survivor regions: 7->3(7)
[2024-07-31T11:26:01.575+1000][gc,heap       ] GC(2) Old regions: 0->7
[2024-07-31T11:26:01.575+1000][gc,heap       ] GC(2) Humongous regions: 129->129
[2024-07-31T11:26:01.575+1000][gc,metaspace  ] GC(2) Metaspace: 29793K->29793K(1075200K)
[2024-07-31T11:26:01.575+1000][gc            ] GC(2) Pause Young (Normal) (G1 Evacuation Pause) 179M->138M(1024M) 8.542ms
[2024-07-31T11:26:01.575+1000][gc,cpu        ] GC(2) User=0.02s Sys=0.00s Real=0.01s
[2024-07-31T11:26:01.780+1000][gc,start      ] GC(3) Pause Young (Concurrent Start) (Metadata GC Threshold)
[2024-07-31T11:26:01.781+1000][gc,task       ] GC(3) Using 4 workers of 4 for evacuation
[2024-07-31T11:26:01.783+1000][gc,phases     ] GC(3)   Pre Evacuate Collection Set: 0.0ms
[2024-07-31T11:26:01.783+1000][gc,phases     ] GC(3)   Evacuate Collection Set: 2.0ms
[2024-07-31T11:26:01.783+1000][gc,phases     ] GC(3)   Post Evacuate Collection Set: 0.3ms
[2024-07-31T11:26:01.783+1000][gc,phases     ] GC(3)   Other: 0.2ms
[2024-07-31T11:26:01.783+1000][gc,heap       ] GC(3) Eden regions: 25->0(48)
[2024-07-31T11:26:01.783+1000][gc,heap       ] GC(3) Survivor regions: 3->3(7)
[2024-07-31T11:26:01.783+1000][gc,heap       ] GC(3) Old regions: 7->7
[2024-07-31T11:26:01.783+1000][gc,heap       ] GC(3) Humongous regions: 129->129
[2024-07-31T11:26:01.783+1000][gc,metaspace  ] GC(3) Metaspace: 34746K->34746K(1081344K)
[2024-07-31T11:26:01.783+1000][gc            ] GC(3) Pause Young (Concurrent Start) (Metadata GC Threshold) 163M->138M(1024M) 2.632ms
[2024-07-31T11:26:01.783+1000][gc,cpu        ] GC(3) User=0.00s Sys=0.00s Real=0.00s
[2024-07-31T11:26:01.783+1000][gc            ] GC(4) Concurrent Cycle
[2024-07-31T11:26:01.783+1000][gc,marking    ] GC(4) Concurrent Clear Claimed Marks
[2024-07-31T11:26:01.783+1000][gc,marking    ] GC(4) Concurrent Clear Claimed Marks 0.024ms
[2024-07-31T11:26:01.783+1000][gc,marking    ] GC(4) Concurrent Scan Root Regions
[2024-07-31T11:26:01.785+1000][gc,marking    ] GC(4) Concurrent Scan Root Regions 2.041ms
[2024-07-31T11:26:01.785+1000][gc,marking    ] GC(4) Concurrent Mark (3.537s)
[2024-07-31T11:26:01.785+1000][gc,marking    ] GC(4) Concurrent Mark From Roots
[2024-07-31T11:26:01.785+1000][gc,task       ] GC(4) Using 1 workers of 1 for marking
[2024-07-31T11:26:01.793+1000][gc,marking    ] GC(4) Concurrent Mark From Roots 7.867ms
[2024-07-31T11:26:01.793+1000][gc,marking    ] GC(4) Concurrent Preclean
[2024-07-31T11:26:01.793+1000][gc,marking    ] GC(4) Concurrent Preclean 0.072ms
[2024-07-31T11:26:01.793+1000][gc,marking    ] GC(4) Concurrent Mark (3.537s, 3.545s) 8.016ms
[2024-07-31T11:26:01.793+1000][gc,start      ] GC(4) Pause Remark
[2024-07-31T11:26:01.795+1000][gc,stringtable] GC(4) Cleaned string and symbol table, strings: 10829 processed, 10 removed, symbols: 96768 processed, 27 removed
[2024-07-31T11:26:01.796+1000][gc            ] GC(4) Pause Remark 139M->139M(1024M) 2.072ms
[2024-07-31T11:26:01.796+1000][gc,cpu        ] GC(4) User=0.00s Sys=0.00s Real=0.00s
[2024-07-31T11:26:01.796+1000][gc,marking    ] GC(4) Concurrent Rebuild Remembered Sets
[2024-07-31T11:26:01.801+1000][gc,marking    ] GC(4) Concurrent Rebuild Remembered Sets 5.097ms
[2024-07-31T11:26:01.802+1000][gc,start      ] GC(4) Pause Cleanup
[2024-07-31T11:26:01.802+1000][gc            ] GC(4) Pause Cleanup 139M->139M(1024M) 0.181ms
[2024-07-31T11:26:01.802+1000][gc,cpu        ] GC(4) User=0.00s Sys=0.00s Real=0.00s
[2024-07-31T11:26:01.802+1000][gc,marking    ] GC(4) Concurrent Cleanup for Next Mark
[2024-07-31T11:26:01.814+1000][gc,marking    ] GC(4) Concurrent Cleanup for Next Mark 11.696ms
[2024-07-31T11:26:01.814+1000][gc            ] GC(4) Concurrent Cycle 31.014ms
[2024-07-31T11:26:02.499+1000][gc,start      ] GC(5) Pause Young (Normal) (G1 Evacuation Pause)
[2024-07-31T11:26:02.499+1000][gc,task       ] GC(5) Using 4 workers of 4 for evacuation
[2024-07-31T11:26:02.507+1000][gc,phases     ] GC(5)   Pre Evacuate Collection Set: 0.0ms
[2024-07-31T11:26:02.507+1000][gc,phases     ] GC(5)   Evacuate Collection Set: 7.3ms
[2024-07-31T11:26:02.507+1000][gc,phases     ] GC(5)   Post Evacuate Collection Set: 0.4ms
[2024-07-31T11:26:02.507+1000][gc,phases     ] GC(5)   Other: 0.2ms
[2024-07-31T11:26:02.507+1000][gc,heap       ] GC(5) Eden regions: 48->0(45)
[2024-07-31T11:26:02.507+1000][gc,heap       ] GC(5) Survivor regions: 3->6(7)
[2024-07-31T11:26:02.507+1000][gc,heap       ] GC(5) Old regions: 7->7
[2024-07-31T11:26:02.507+1000][gc,heap       ] GC(5) Humongous regions: 129->129
[2024-07-31T11:26:02.507+1000][gc,metaspace  ] GC(5) Metaspace: 42483K->42483K(1087488K)
[2024-07-31T11:26:02.507+1000][gc            ] GC(5) Pause Young (Normal) (G1 Evacuation Pause) 186M->141M(1024M) 8.049ms
[2024-07-31T11:26:02.507+1000][gc,cpu        ] GC(5) User=0.01s Sys=0.01s Real=0.01s
[2024-07-31T11:45:23.124+1000][gc,start      ] GC(6) Pause Young (Normal) (G1 Evacuation Pause)
[2024-07-31T11:45:23.326+1000][gc,task       ] GC(6) Using 4 workers of 4 for evacuation
[2024-07-31T11:45:23.350+1000][gc,mmu        ] GC(6) MMU target violated: 21.0ms (20.0ms/21.0ms)
[2024-07-31T11:45:23.350+1000][gc,phases     ] GC(6)   Pre Evacuate Collection Set: 0.1ms
[2024-07-31T11:45:23.350+1000][gc,phases     ] GC(6)   Evacuate Collection Set: 22.7ms
[2024-07-31T11:45:23.350+1000][gc,phases     ] GC(6)   Post Evacuate Collection Set: 1.2ms
[2024-07-31T11:45:23.350+1000][gc,phases     ] GC(6)   Other: 202.2ms
[2024-07-31T11:45:23.350+1000][gc,heap       ] GC(6) Eden regions: 45->0(46)
[2024-07-31T11:45:23.350+1000][gc,heap       ] GC(6) Survivor regions: 6->5(7)
[2024-07-31T11:45:23.350+1000][gc,heap       ] GC(6) Old regions: 7->10
[2024-07-31T11:45:23.350+1000][gc,heap       ] GC(6) Humongous regions: 129->129
[2024-07-31T11:45:23.351+1000][gc,metaspace  ] GC(6) Metaspace: 46967K->46967K(1091584K)
[2024-07-31T11:45:23.351+1000][gc            ] GC(6) Pause Young (Normal) (G1 Evacuation Pause) 186M->142M(1024M) 226.276ms
[2024-07-31T11:45:23.351+1000][gc,cpu        ] GC(6) User=0.02s Sys=0.01s Real=0.23s
[2024-07-31T12:09:05.055+1000][gc,start      ] GC(7) Pause Young (Normal) (G1 Evacuation Pause)
[2024-07-31T12:09:05.055+1000][gc,task       ] GC(7) Using 4 workers of 4 for evacuation
[2024-07-31T12:09:05.069+1000][gc,phases     ] GC(7)   Pre Evacuate Collection Set: 0.7ms
[2024-07-31T12:09:05.069+1000][gc,phases     ] GC(7)   Evacuate Collection Set: 12.3ms
[2024-07-31T12:09:05.069+1000][gc,phases     ] GC(7)   Post Evacuate Collection Set: 0.8ms
[2024-07-31T12:09:05.069+1000][gc,phases     ] GC(7)   Other: 0.3ms
[2024-07-31T12:09:05.069+1000][gc,heap       ] GC(7) Eden regions: 46->0(49)
[2024-07-31T12:09:05.069+1000][gc,heap       ] GC(7) Survivor regions: 5->2(7)
[2024-07-31T12:09:05.069+1000][gc,heap       ] GC(7) Old regions: 10->12
[2024-07-31T12:09:05.069+1000][gc,heap       ] GC(7) Humongous regions: 129->129
[2024-07-31T12:09:05.069+1000][gc,metaspace  ] GC(7) Metaspace: 48094K->48094K(1093632K)
[2024-07-31T12:09:05.069+1000][gc            ] GC(7) Pause Young (Normal) (G1 Evacuation Pause) 188M->142M(1024M) 14.393ms
[2024-07-31T12:09:05.069+1000][gc,cpu        ] GC(7) User=0.02s Sys=0.02s Real=0.01s
[2024-07-31T12:09:05.085+1000][gc,heap,exit  ] Heap
[2024-07-31T12:09:05.085+1000][gc,heap,exit  ]  garbage-first heap   total 1048576K, used 146652K [0x00000007c0000000, 0x0000000800000000)
[2024-07-31T12:09:05.085+1000][gc,heap,exit  ]   region size 1024K, 4 young (4096K), 2 survivors (2048K)
[2024-07-31T12:09:05.085+1000][gc,heap,exit  ]  Metaspace       used 48124K, capacity 50032K, committed 50172K, reserved 1093632K
[2024-07-31T12:09:05.085+1000][gc,heap,exit  ]   class space    used 5954K, capacity 6885K, committed 6960K, reserved 1048576K
