[2024-07-31T11:10:13.965+1000][gc,heap] Heap region size: 1M
[2024-07-31T11:10:13.971+1000][gc     ] Using G1
[2024-07-31T11:10:13.972+1000][gc,heap,coops] Heap address: 0x00000007c0000000, size: 1024 MB, Compressed Oops mode: Zero based, Oop shift amount: 3
[2024-07-31T11:10:15.320+1000][gc,start     ] GC(0) Pause Young (Concurrent Start) (Metadata GC Threshold)
[2024-07-31T11:10:15.320+1000][gc,task      ] GC(0) Using 4 workers of 4 for evacuation
[2024-07-31T11:10:15.327+1000][gc,phases    ] GC(0)   Pre Evacuate Collection Set: 0.0ms
[2024-07-31T11:10:15.327+1000][gc,phases    ] GC(0)   Evacuate Collection Set: 6.2ms
[2024-07-31T11:10:15.327+1000][gc,phases    ] GC(0)   Post Evacuate Collection Set: 0.4ms
[2024-07-31T11:10:15.327+1000][gc,phases    ] GC(0)   Other: 0.5ms
[2024-07-31T11:10:15.327+1000][gc,heap      ] GC(0) Eden regions: 44->0(44)
[2024-07-31T11:10:15.327+1000][gc,heap      ] GC(0) Survivor regions: 0->7(7)
[2024-07-31T11:10:15.327+1000][gc,heap      ] GC(0) Old regions: 0->0
[2024-07-31T11:10:15.327+1000][gc,heap      ] GC(0) Humongous regions: 0->0
[2024-07-31T11:10:15.327+1000][gc,metaspace ] GC(0) Metaspace: 20558K->20558K(1069056K)
[2024-07-31T11:10:15.327+1000][gc           ] GC(0) Pause Young (Concurrent Start) (Metadata GC Threshold) 43M->6M(1024M) 7.313ms
[2024-07-31T11:10:15.327+1000][gc,cpu       ] GC(0) User=0.02s Sys=0.00s Real=0.00s
[2024-07-31T11:10:15.327+1000][gc           ] GC(1) Concurrent Cycle
[2024-07-31T11:10:15.328+1000][gc,marking   ] GC(1) Concurrent Clear Claimed Marks
[2024-07-31T11:10:15.328+1000][gc,marking   ] GC(1) Concurrent Clear Claimed Marks 0.019ms
[2024-07-31T11:10:15.328+1000][gc,marking   ] GC(1) Concurrent Scan Root Regions
[2024-07-31T11:10:15.330+1000][gc,marking   ] GC(1) Concurrent Scan Root Regions 2.820ms
[2024-07-31T11:10:15.330+1000][gc,marking   ] GC(1) Concurrent Mark (1.372s)
[2024-07-31T11:10:15.330+1000][gc,marking   ] GC(1) Concurrent Mark From Roots
[2024-07-31T11:10:15.330+1000][gc,task      ] GC(1) Using 1 workers of 1 for marking
[2024-07-31T11:10:15.331+1000][gc,marking   ] GC(1) Concurrent Mark From Roots 0.137ms
[2024-07-31T11:10:15.331+1000][gc,marking   ] GC(1) Concurrent Preclean
[2024-07-31T11:10:15.331+1000][gc,marking   ] GC(1) Concurrent Preclean 0.033ms
[2024-07-31T11:10:15.331+1000][gc,marking   ] GC(1) Concurrent Mark (1.372s, 1.372s) 0.245ms
[2024-07-31T11:10:15.331+1000][gc,start     ] GC(1) Pause Remark
[2024-07-31T11:10:15.332+1000][gc,stringtable] GC(1) Cleaned string and symbol table, strings: 7335 processed, 0 removed, symbols: 64343 processed, 41 removed
[2024-07-31T11:10:15.333+1000][gc            ] GC(1) Pause Remark 7M->7M(1024M) 1.803ms
[2024-07-31T11:10:15.333+1000][gc,cpu        ] GC(1) User=0.00s Sys=0.00s Real=0.00s
[2024-07-31T11:10:15.333+1000][gc,marking    ] GC(1) Concurrent Rebuild Remembered Sets
[2024-07-31T11:10:15.333+1000][gc,marking    ] GC(1) Concurrent Rebuild Remembered Sets 0.067ms
[2024-07-31T11:10:15.333+1000][gc,start      ] GC(1) Pause Cleanup
[2024-07-31T11:10:15.333+1000][gc            ] GC(1) Pause Cleanup 7M->7M(1024M) 0.083ms
[2024-07-31T11:10:15.333+1000][gc,cpu        ] GC(1) User=0.00s Sys=0.00s Real=0.00s
[2024-07-31T11:10:15.333+1000][gc,marking    ] GC(1) Concurrent Cleanup for Next Mark
[2024-07-31T11:10:15.340+1000][gc,marking    ] GC(1) Concurrent Cleanup for Next Mark 6.864ms
[2024-07-31T11:10:15.340+1000][gc            ] GC(1) Concurrent Cycle 12.470ms
[2024-07-31T11:10:17.411+1000][gc,start      ] GC(2) Pause Young (Normal) (G1 Evacuation Pause)
[2024-07-31T11:10:17.411+1000][gc,task       ] GC(2) Using 4 workers of 4 for evacuation
[2024-07-31T11:10:17.417+1000][gc,phases     ] GC(2)   Pre Evacuate Collection Set: 0.0ms
[2024-07-31T11:10:17.417+1000][gc,phases     ] GC(2)   Evacuate Collection Set: 6.0ms
[2024-07-31T11:10:17.417+1000][gc,phases     ] GC(2)   Post Evacuate Collection Set: 0.4ms
[2024-07-31T11:10:17.417+1000][gc,phases     ] GC(2)   Other: 0.2ms
[2024-07-31T11:10:17.417+1000][gc,heap       ] GC(2) Eden regions: 44->0(49)
[2024-07-31T11:10:17.417+1000][gc,heap       ] GC(2) Survivor regions: 7->2(7)
[2024-07-31T11:10:17.417+1000][gc,heap       ] GC(2) Old regions: 0->7
[2024-07-31T11:10:17.417+1000][gc,heap       ] GC(2) Humongous regions: 0->0
[2024-07-31T11:10:17.417+1000][gc,metaspace  ] GC(2) Metaspace: 30157K->30157K(1077248K)
[2024-07-31T11:10:17.417+1000][gc            ] GC(2) Pause Young (Normal) (G1 Evacuation Pause) 50M->8M(1024M) 6.778ms
[2024-07-31T11:10:17.417+1000][gc,cpu        ] GC(2) User=0.02s Sys=0.00s Real=0.00s
[2024-07-31T11:10:17.939+1000][gc,start      ] GC(3) Pause Young (Concurrent Start) (Metadata GC Threshold)
[2024-07-31T11:10:17.940+1000][gc,task       ] GC(3) Using 4 workers of 4 for evacuation
[2024-07-31T11:10:17.942+1000][gc,phases     ] GC(3)   Pre Evacuate Collection Set: 0.0ms
[2024-07-31T11:10:17.942+1000][gc,phases     ] GC(3)   Evacuate Collection Set: 1.9ms
[2024-07-31T11:10:17.942+1000][gc,phases     ] GC(3)   Post Evacuate Collection Set: 0.3ms
[2024-07-31T11:10:17.942+1000][gc,phases     ] GC(3)   Other: 0.2ms
[2024-07-31T11:10:17.942+1000][gc,heap       ] GC(3) Eden regions: 23->0(48)
[2024-07-31T11:10:17.942+1000][gc,heap       ] GC(3) Survivor regions: 2->3(7)
[2024-07-31T11:10:17.942+1000][gc,heap       ] GC(3) Old regions: 7->7
[2024-07-31T11:10:17.942+1000][gc,heap       ] GC(3) Humongous regions: 129->129
[2024-07-31T11:10:17.942+1000][gc,metaspace  ] GC(3) Metaspace: 34520K->34520K(1081344K)
[2024-07-31T11:10:17.942+1000][gc            ] GC(3) Pause Young (Concurrent Start) (Metadata GC Threshold) 159M->138M(1024M) 2.551ms
[2024-07-31T11:10:17.942+1000][gc,cpu        ] GC(3) User=0.01s Sys=0.00s Real=0.01s
[2024-07-31T11:10:17.942+1000][gc            ] GC(4) Concurrent Cycle
[2024-07-31T11:10:17.942+1000][gc,marking    ] GC(4) Concurrent Clear Claimed Marks
[2024-07-31T11:10:17.942+1000][gc,marking    ] GC(4) Concurrent Clear Claimed Marks 0.024ms
[2024-07-31T11:10:17.942+1000][gc,marking    ] GC(4) Concurrent Scan Root Regions
[2024-07-31T11:10:17.944+1000][gc,marking    ] GC(4) Concurrent Scan Root Regions 1.815ms
[2024-07-31T11:10:17.944+1000][gc,marking    ] GC(4) Concurrent Mark (3.985s)
[2024-07-31T11:10:17.944+1000][gc,marking    ] GC(4) Concurrent Mark From Roots
[2024-07-31T11:10:17.944+1000][gc,task       ] GC(4) Using 1 workers of 1 for marking
[2024-07-31T11:10:17.951+1000][gc,marking    ] GC(4) Concurrent Mark From Roots 7.291ms
[2024-07-31T11:10:17.951+1000][gc,marking    ] GC(4) Concurrent Preclean
[2024-07-31T11:10:17.951+1000][gc,marking    ] GC(4) Concurrent Preclean 0.067ms
[2024-07-31T11:10:17.951+1000][gc,marking    ] GC(4) Concurrent Mark (3.985s, 3.993s) 7.428ms
[2024-07-31T11:10:17.952+1000][gc,start      ] GC(4) Pause Remark
[2024-07-31T11:10:17.953+1000][gc,stringtable] GC(4) Cleaned string and symbol table, strings: 10467 processed, 12 removed, symbols: 98380 processed, 29 removed
[2024-07-31T11:10:17.954+1000][gc            ] GC(4) Pause Remark 139M->139M(1024M) 2.102ms
[2024-07-31T11:10:17.954+1000][gc,cpu        ] GC(4) User=0.01s Sys=0.00s Real=0.00s
[2024-07-31T11:10:17.954+1000][gc,marking    ] GC(4) Concurrent Rebuild Remembered Sets
[2024-07-31T11:10:17.958+1000][gc,marking    ] GC(4) Concurrent Rebuild Remembered Sets 4.411ms
[2024-07-31T11:10:17.958+1000][gc,start      ] GC(4) Pause Cleanup
[2024-07-31T11:10:17.959+1000][gc            ] GC(4) Pause Cleanup 140M->140M(1024M) 0.131ms
[2024-07-31T11:10:17.959+1000][gc,cpu        ] GC(4) User=0.00s Sys=0.00s Real=0.00s
[2024-07-31T11:10:17.959+1000][gc,marking    ] GC(4) Concurrent Cleanup for Next Mark
[2024-07-31T11:10:17.965+1000][gc,marking    ] GC(4) Concurrent Cleanup for Next Mark 6.209ms
[2024-07-31T11:10:17.965+1000][gc            ] GC(4) Concurrent Cycle 22.787ms
[2024-07-31T11:10:19.031+1000][gc,start      ] GC(5) Pause Young (Normal) (G1 Evacuation Pause)
[2024-07-31T11:10:19.032+1000][gc,task       ] GC(5) Using 4 workers of 4 for evacuation
[2024-07-31T11:10:19.037+1000][gc,phases     ] GC(5)   Pre Evacuate Collection Set: 0.0ms
[2024-07-31T11:10:19.037+1000][gc,phases     ] GC(5)   Evacuate Collection Set: 4.8ms
[2024-07-31T11:10:19.037+1000][gc,phases     ] GC(5)   Post Evacuate Collection Set: 0.4ms
[2024-07-31T11:10:19.037+1000][gc,phases     ] GC(5)   Other: 0.2ms
[2024-07-31T11:10:19.037+1000][gc,heap       ] GC(5) Eden regions: 48->0(44)
[2024-07-31T11:10:19.037+1000][gc,heap       ] GC(5) Survivor regions: 3->7(7)
[2024-07-31T11:10:19.037+1000][gc,heap       ] GC(5) Old regions: 7->7
[2024-07-31T11:10:19.037+1000][gc,heap       ] GC(5) Humongous regions: 129->129
[2024-07-31T11:10:19.037+1000][gc,metaspace  ] GC(5) Metaspace: 42761K->42761K(1087488K)
[2024-07-31T11:10:19.037+1000][gc            ] GC(5) Pause Young (Normal) (G1 Evacuation Pause) 186M->141M(1024M) 5.500ms
[2024-07-31T11:10:19.037+1000][gc,cpu        ] GC(5) User=0.02s Sys=0.00s Real=0.00s
[2024-07-31T11:11:50.975+1000][gc,start      ] GC(6) Pause Young (Normal) (G1 Evacuation Pause)
[2024-07-31T11:11:51.055+1000][gc,task       ] GC(6) Using 4 workers of 4 for evacuation
[2024-07-31T11:11:51.081+1000][gc,phases     ] GC(6)   Pre Evacuate Collection Set: 0.0ms
[2024-07-31T11:11:51.081+1000][gc,phases     ] GC(6)   Evacuate Collection Set: 8.2ms
[2024-07-31T11:11:51.081+1000][gc,phases     ] GC(6)   Post Evacuate Collection Set: 0.8ms
[2024-07-31T11:11:51.081+1000][gc,phases     ] GC(6)   Other: 97.3ms
[2024-07-31T11:11:51.081+1000][gc,heap       ] GC(6) Eden regions: 44->0(48)
[2024-07-31T11:11:51.081+1000][gc,heap       ] GC(6) Survivor regions: 7->3(7)
[2024-07-31T11:11:51.081+1000][gc,heap       ] GC(6) Old regions: 7->13
[2024-07-31T11:11:51.081+1000][gc,heap       ] GC(6) Humongous regions: 129->129
[2024-07-31T11:11:51.081+1000][gc,metaspace  ] GC(6) Metaspace: 48907K->48907K(1093632K)
[2024-07-31T11:11:51.081+1000][gc            ] GC(6) Pause Young (Normal) (G1 Evacuation Pause) 185M->144M(1024M) 106.365ms
[2024-07-31T11:11:51.081+1000][gc,cpu        ] GC(6) User=0.02s Sys=0.00s Real=0.11s
[2024-07-31T11:23:41.730+1000][gc,start      ] GC(7) Pause Young (Normal) (G1 Evacuation Pause)
[2024-07-31T11:23:41.730+1000][gc,task       ] GC(7) Using 4 workers of 4 for evacuation
[2024-07-31T11:23:41.734+1000][gc,phases     ] GC(7)   Pre Evacuate Collection Set: 0.1ms
[2024-07-31T11:23:41.734+1000][gc,phases     ] GC(7)   Evacuate Collection Set: 3.6ms
[2024-07-31T11:23:41.734+1000][gc,phases     ] GC(7)   Post Evacuate Collection Set: 0.7ms
[2024-07-31T11:23:41.734+1000][gc,phases     ] GC(7)   Other: 0.2ms
[2024-07-31T11:23:41.734+1000][gc,heap       ] GC(7) Eden regions: 48->0(47)
[2024-07-31T11:23:41.734+1000][gc,heap       ] GC(7) Survivor regions: 3->4(7)
[2024-07-31T11:23:41.734+1000][gc,heap       ] GC(7) Old regions: 13->13
[2024-07-31T11:23:41.734+1000][gc,heap       ] GC(7) Humongous regions: 129->129
[2024-07-31T11:23:41.734+1000][gc,metaspace  ] GC(7) Metaspace: 53113K->53113K(1097728K)
[2024-07-31T11:23:41.734+1000][gc            ] GC(7) Pause Young (Normal) (G1 Evacuation Pause) 192M->145M(1024M) 4.751ms
[2024-07-31T11:23:41.734+1000][gc,cpu        ] GC(7) User=0.01s Sys=0.00s Real=0.00s
[2024-07-31T11:23:52.746+1000][gc,heap,exit  ] Heap
[2024-07-31T11:23:52.746+1000][gc,heap,exit  ]  garbage-first heap   total 1048576K, used 155044K [0x00000007c0000000, 0x0000000800000000)
[2024-07-31T11:23:52.746+1000][gc,heap,exit  ]   region size 1024K, 11 young (11264K), 4 survivors (4096K)
[2024-07-31T11:23:52.746+1000][gc,heap,exit  ]  Metaspace       used 53437K, capacity 56463K, committed 56748K, reserved 1097728K
[2024-07-31T11:23:52.746+1000][gc,heap,exit  ]   class space    used 7155K, capacity 8651K, committed 8704K, reserved 1048576K
