[2024-07-31T10:55:36.364+1000][gc,init] CardTable entry size: 512
[2024-07-31T10:55:36.466+1000][gc     ] Using G1
[2024-07-31T10:55:36.469+1000][gc,init] Version: 22+36-2370 (release)
[2024-07-31T10:55:36.469+1000][gc,init] CPUs: 4 total, 4 available
[2024-07-31T10:55:36.469+1000][gc,init] Memory: 12288M
[2024-07-31T10:55:36.469+1000][gc,init] Large Page Support: Disabled
[2024-07-31T10:55:36.469+1000][gc,init] NUMA Support: Disabled
[2024-07-31T10:55:36.469+1000][gc,init] Compressed Oops: Enabled (Zero based)
[2024-07-31T10:55:36.469+1000][gc,init] Heap Region Size: 1M
[2024-07-31T10:55:36.469+1000][gc,init] Heap Min Capacity: 512M
[2024-07-31T10:55:36.469+1000][gc,init] Heap Initial Capacity: 512M
[2024-07-31T10:55:36.469+1000][gc,init] Heap Max Capacity: 512M
[2024-07-31T10:55:36.469+1000][gc,init] Pre-touch: Disabled
[2024-07-31T10:55:36.469+1000][gc,init] Parallel Workers: 4
[2024-07-31T10:55:36.469+1000][gc,init] Concurrent Workers: 1
[2024-07-31T10:55:36.469+1000][gc,init] Concurrent Refinement Workers: 4
[2024-07-31T10:55:36.469+1000][gc,init] Periodic GC: Disabled
[2024-07-31T10:55:36.476+1000][gc,metaspace] CDS archive(s) mapped at: [0x0000000126000000-0x0000000126c70000-0x0000000126c70000), size 13041664, SharedBaseAddress: 0x0000000126000000, ArchiveRelocationMode: 1.
[2024-07-31T10:55:36.477+1000][gc,metaspace] Compressed class space mapped at: 0x0000000127000000-0x0000000167000000, reserved size: 1073741824
[2024-07-31T10:55:36.477+1000][gc,metaspace] Narrow klass base: 0x0000000126000000, Narrow klass shift: 0, Narrow klass range: 0x100000000
[2024-07-31T10:55:43.234+1000][gc,heap,exit] Heap
[2024-07-31T10:55:43.234+1000][gc,heap,exit]  garbage-first heap   total reserved 524288K, committed 524288K, used 21008K [0x00000007e0000000, 0x0000000800000000)
[2024-07-31T10:55:43.234+1000][gc,heap,exit]   region size 1024K, 20 young (20480K), 0 survivors (0K)
[2024-07-31T10:55:43.234+1000][gc,heap,exit]  Metaspace       used 6772K, committed 6976K, reserved 1114112K
[2024-07-31T10:55:43.234+1000][gc,heap,exit]   class space    used 740K, committed 832K, reserved 1048576K
