[2024-07-31T10:57:52.729+1000][gc,heap] Heap region size: 1M
[2024-07-31T10:57:52.734+1000][gc     ] Using G1
[2024-07-31T10:57:52.734+1000][gc,heap,coops] Heap address: 0x00000007e0000000, size: 512 MB, Compressed Oops mode: Zero based, Oop shift amount: 3
[2024-07-31T10:58:01.310+1000][gc,start     ] GC(0) Pause Young (Normal) (G1 Evacuation Pause)
[2024-07-31T10:58:01.310+1000][gc,task      ] GC(0) Using 4 workers of 4 for evacuation
[2024-07-31T10:58:01.316+1000][gc,phases    ] GC(0)   Pre Evacuate Collection Set: 0.0ms
[2024-07-31T10:58:01.316+1000][gc,phases    ] GC(0)   Evacuate Collection Set: 4.5ms
[2024-07-31T10:58:01.316+1000][gc,phases    ] GC(0)   Post Evacuate Collection Set: 0.5ms
[2024-07-31T10:58:01.316+1000][gc,phases    ] GC(0)   Other: 0.5ms
[2024-07-31T10:58:01.316+1000][gc,heap      ] GC(0) Eden regions: 25->0(21)
[2024-07-31T10:58:01.316+1000][gc,heap      ] GC(0) Survivor regions: 0->4(4)
[2024-07-31T10:58:01.316+1000][gc,heap      ] GC(0) Old regions: 0->4
[2024-07-31T10:58:01.316+1000][gc,heap      ] GC(0) Humongous regions: 0->0
[2024-07-31T10:58:01.316+1000][gc,metaspace ] GC(0) Metaspace: 15050K->15050K(1062912K)
[2024-07-31T10:58:01.316+1000][gc           ] GC(0) Pause Young (Normal) (G1 Evacuation Pause) 25M->7M(512M) 5.626ms
[2024-07-31T10:58:01.316+1000][gc,cpu       ] GC(0) User=0.02s Sys=0.00s Real=0.00s
[2024-07-31T11:41:32.927+1000][gc,start     ] GC(1) Pause Young (Normal) (G1 Evacuation Pause)
[2024-07-31T11:41:32.983+1000][gc,task      ] GC(1) Using 4 workers of 4 for evacuation
[2024-07-31T11:41:32.993+1000][gc,phases    ] GC(1)   Pre Evacuate Collection Set: 0.3ms
[2024-07-31T11:41:32.993+1000][gc,phases    ] GC(1)   Evacuate Collection Set: 8.9ms
[2024-07-31T11:41:32.993+1000][gc,phases    ] GC(1)   Post Evacuate Collection Set: 0.4ms
[2024-07-31T11:41:32.993+1000][gc,phases    ] GC(1)   Other: 56.2ms
[2024-07-31T11:41:32.993+1000][gc,heap      ] GC(1) Eden regions: 21->0(24)
[2024-07-31T11:41:32.993+1000][gc,heap      ] GC(1) Survivor regions: 4->1(4)
[2024-07-31T11:41:32.993+1000][gc,heap      ] GC(1) Old regions: 4->8
[2024-07-31T11:41:32.993+1000][gc,heap      ] GC(1) Humongous regions: 0->0
[2024-07-31T11:41:32.993+1000][gc,metaspace ] GC(1) Metaspace: 16971K->16971K(1064960K)
[2024-07-31T11:41:32.993+1000][gc           ] GC(1) Pause Young (Normal) (G1 Evacuation Pause) 28M->8M(512M) 65.951ms
[2024-07-31T11:41:32.993+1000][gc,cpu       ] GC(1) User=0.02s Sys=0.02s Real=0.07s
[2024-07-31T13:59:24.392+1000][gc,heap,exit ] Heap
[2024-07-31T13:59:24.494+1000][gc,heap,exit ]  garbage-first heap   total 524288K, used 18494K [0x00000007e0000000, 0x0000000800000000)
[2024-07-31T13:59:24.494+1000][gc,heap,exit ]   region size 1024K, 12 young (12288K), 1 survivors (1024K)
[2024-07-31T13:59:24.494+1000][gc,heap,exit ]  Metaspace       used 16992K, capacity 17408K, committed 17664K, reserved 1064960K
[2024-07-31T13:59:24.494+1000][gc,heap,exit ]   class space    used 1640K, capacity 1784K, committed 1792K, reserved 1048576K
